Archive member included to satisfy reference by file (symbol)

/opt/pulp-gcc-ubuntu1804-20200913/bin/../lib/gcc/riscv32-unknown-elf/7.1.1/libgcc.a(_clzsi2.o)
                              /home/gregmartin/ActiveProjects/pulp-freertos/kernel/tasks.o (__clzsi2)
/opt/pulp-gcc-ubuntu1804-20200913/bin/../lib/gcc/riscv32-unknown-elf/7.1.1/libgcc.a(_clz.o)
                              /opt/pulp-gcc-ubuntu1804-20200913/bin/../lib/gcc/riscv32-unknown-elf/7.1.1/libgcc.a(_clzsi2.o) (__clz_tab)
/opt/pulp-gcc-ubuntu1804-20200913/bin/../lib/gcc/riscv32-unknown-elf/7.1.1/../../../../riscv32-unknown-elf/lib/libc.a(lib_a-abort.o)
                              /home/gregmartin/ActiveProjects/pulp-freertos/common/target/pulp/system_pulp_ri5cy.o (abort)
/opt/pulp-gcc-ubuntu1804-20200913/bin/../lib/gcc/riscv32-unknown-elf/7.1.1/../../../../riscv32-unknown-elf/lib/libc.a(lib_a-assert.o)
                              /home/gregmartin/ActiveProjects/pulp-freertos/kernel/event_groups.o (__assert_func)
/opt/pulp-gcc-ubuntu1804-20200913/bin/../lib/gcc/riscv32-unknown-elf/7.1.1/../../../../riscv32-unknown-elf/lib/libc.a(lib_a-atexit.o)
                              /home/gregmartin/ActiveProjects/pulp-freertos/common/target/crt0.o (atexit)
/opt/pulp-gcc-ubuntu1804-20200913/bin/../lib/gcc/riscv32-unknown-elf/7.1.1/../../../../riscv32-unknown-elf/lib/libc.a(lib_a-exit.o)
                              /home/gregmartin/ActiveProjects/pulp-freertos/common/target/crt0.o (exit)
/opt/pulp-gcc-ubuntu1804-20200913/bin/../lib/gcc/riscv32-unknown-elf/7.1.1/../../../../riscv32-unknown-elf/lib/libc.a(lib_a-fini.o)
                              /home/gregmartin/ActiveProjects/pulp-freertos/common/target/crt0.o (__libc_fini_array)
/opt/pulp-gcc-ubuntu1804-20200913/bin/../lib/gcc/riscv32-unknown-elf/7.1.1/../../../../riscv32-unknown-elf/lib/libc.a(lib_a-fiprintf.o)
                              /opt/pulp-gcc-ubuntu1804-20200913/bin/../lib/gcc/riscv32-unknown-elf/7.1.1/../../../../riscv32-unknown-elf/lib/libc.a(lib_a-assert.o) (fiprintf)
/opt/pulp-gcc-ubuntu1804-20200913/bin/../lib/gcc/riscv32-unknown-elf/7.1.1/../../../../riscv32-unknown-elf/lib/libc.a(lib_a-impure.o)
                              /opt/pulp-gcc-ubuntu1804-20200913/bin/../lib/gcc/riscv32-unknown-elf/7.1.1/../../../../riscv32-unknown-elf/lib/libc.a(lib_a-exit.o) (_global_impure_ptr)
/opt/pulp-gcc-ubuntu1804-20200913/bin/../lib/gcc/riscv32-unknown-elf/7.1.1/../../../../riscv32-unknown-elf/lib/libc.a(lib_a-init.o)
                              /home/gregmartin/ActiveProjects/pulp-freertos/common/target/crt0.o (__libc_init_array)
/opt/pulp-gcc-ubuntu1804-20200913/bin/../lib/gcc/riscv32-unknown-elf/7.1.1/../../../../riscv32-unknown-elf/lib/libc.a(lib_a-malloc.o)
                              /home/gregmartin/ActiveProjects/pulp-freertos/kernel/portable/MemMang/heap_3.o (malloc)
/opt/pulp-gcc-ubuntu1804-20200913/bin/../lib/gcc/riscv32-unknown-elf/7.1.1/../../../../riscv32-unknown-elf/lib/libc.a(lib_a-mallocr.o)
                              /opt/pulp-gcc-ubuntu1804-20200913/bin/../lib/gcc/riscv32-unknown-elf/7.1.1/../../../../riscv32-unknown-elf/lib/libc.a(lib_a-malloc.o) (_malloc_r)
/opt/pulp-gcc-ubuntu1804-20200913/bin/../lib/gcc/riscv32-unknown-elf/7.1.1/../../../../riscv32-unknown-elf/lib/libc.a(lib_a-memcpy.o)
                              /home/gregmartin/ActiveProjects/pulp-freertos/kernel/queue.o (memcpy)
/opt/pulp-gcc-ubuntu1804-20200913/bin/../lib/gcc/riscv32-unknown-elf/7.1.1/../../../../riscv32-unknown-elf/lib/libc.a(lib_a-memset.o)
                              /home/gregmartin/ActiveProjects/pulp-freertos/kernel/stream_buffer.o (memset)
/opt/pulp-gcc-ubuntu1804-20200913/bin/../lib/gcc/riscv32-unknown-elf/7.1.1/../../../../riscv32-unknown-elf/lib/libc.a(lib_a-printf.o)
                              /home/gregmartin/ActiveProjects/pulp-freertos/common/pmsis/pmsis_implem_pulp/drivers/udma/spi/spi.o (printf)
/opt/pulp-gcc-ubuntu1804-20200913/bin/../lib/gcc/riscv32-unknown-elf/7.1.1/../../../../riscv32-unknown-elf/lib/libc.a(lib_a-puts.o)
                              /home/gregmartin/ActiveProjects/pulp-freertos/common/target/vectors.o (puts)
/opt/pulp-gcc-ubuntu1804-20200913/bin/../lib/gcc/riscv32-unknown-elf/7.1.1/../../../../riscv32-unknown-elf/lib/libc.a(lib_a-reent.o)
                              /home/gregmartin/ActiveProjects/pulp-freertos/kernel/tasks.o (_reclaim_reent)
/opt/pulp-gcc-ubuntu1804-20200913/bin/../lib/gcc/riscv32-unknown-elf/7.1.1/../../../../riscv32-unknown-elf/lib/libc.a(lib_a-sbrkr.o)
                              /opt/pulp-gcc-ubuntu1804-20200913/bin/../lib/gcc/riscv32-unknown-elf/7.1.1/../../../../riscv32-unknown-elf/lib/libc.a(lib_a-mallocr.o) (_sbrk_r)
/opt/pulp-gcc-ubuntu1804-20200913/bin/../lib/gcc/riscv32-unknown-elf/7.1.1/../../../../riscv32-unknown-elf/lib/libc.a(lib_a-signal.o)
                              /opt/pulp-gcc-ubuntu1804-20200913/bin/../lib/gcc/riscv32-unknown-elf/7.1.1/../../../../riscv32-unknown-elf/lib/libc.a(lib_a-abort.o) (raise)
[...]
Memory Configuration

Name             Origin             Length             Attributes
L2               0x000000001c000004 0x000000000007fffc
L2_aliased       0x0000000000000004 0x0000000000003ffc
*default*        0x0000000000000000 0xffffffffffffffff

Linker script and memory map

LOAD /home/gregmartin/ActiveProjects/pulp-freertos/kernel/event_groups.o
LOAD /home/gregmartin/ActiveProjects/pulp-freertos/kernel/list.o
LOAD /home/gregmartin/ActiveProjects/pulp-freertos/kernel/queue.o
LOAD /home/gregmartin/ActiveProjects/pulp-freertos/kernel/stream_buffer.o
LOAD /home/gregmartin/ActiveProjects/pulp-freertos/kernel/tasks.o
LOAD /home/gregmartin/ActiveProjects/pulp-freertos/kernel/timers.o
LOAD /home/gregmartin/ActiveProjects/pulp-freertos/kernel/portable/GCC/RISC-V/port.o
LOAD /home/gregmartin/ActiveProjects/pulp-freertos/kernel/portable/GCC/RISC-V/portASM.o
LOAD /home/gregmartin/ActiveProjects/pulp-freertos/kernel/portable/MemMang/heap_3.o
LOAD /home/gregmartin/ActiveProjects/pulp-freertos/common/libc/syscalls.o
LOAD /home/gregmartin/ActiveProjects/pulp-freertos/common/target/crt0.o
LOAD /home/gregmartin/ActiveProjects/pulp-freertos/common/target/vectors.o
LOAD /home/gregmartin/ActiveProjects/pulp-freertos/common/metal/fll.o
LOAD /home/gregmartin/ActiveProjects/pulp-freertos/common/metal/timer_irq.o
LOAD /home/gregmartin/ActiveProjects/pulp-freertos/common/metal/irq.o
LOAD /home/gregmartin/ActiveProjects/pulp-freertos/common/metal/soc_eu.o
LOAD /home/gregmartin/ActiveProjects/pulp-freertos/common/metal/gpio.o
LOAD /home/gregmartin/ActiveProjects/pulp-freertos/common/metal/pinmux.o
LOAD /home/gregmartin/ActiveProjects/pulp-freertos/common/target/pulp/system_pulp_ri5cy.o
LOAD /home/gregmartin/ActiveProjects/pulp-freertos/common/pmsis/pmsis_implem_pulp/malloc/pulp_malloc.o
LOAD /home/gregmartin/ActiveProjects/pulp-freertos/common/pmsis/pmsis_implem_pulp/drivers/fll/fll.o
LOAD /home/gregmartin/ActiveProjects/pulp-freertos/common/pmsis/pmsis_implem_pulp/drivers/fc_event/fc_event.o
LOAD /home/gregmartin/ActiveProjects/pulp-freertos/common/pmsis/pmsis_implem_pulp/drivers/udma/spi/spi.o
LOAD /home/gregmartin/ActiveProjects/pulp-freertos/common/pmsis/pmsis_implem_pulp/drivers/udma/spi/spi_internal.o
LOAD /home/gregmartin/ActiveProjects/pulp-freertos/common/pmsis/pmsis_implem_pulp/drivers/udma/uart/uart.o
LOAD /home/gregmartin/ActiveProjects/pulp-freertos/common/pmsis/pmsis_implem_pulp/drivers/udma/uart/uart_internal.o
LOAD /home/gregmartin/ActiveProjects/pulp-freertos/common/pmsis/pmsis_implem_pulp/drivers/gpio/gpio.o
LOAD /home/gregmartin/ActiveProjects/pulp-freertos/common/pmsis/pmsis_implem_pulp/drivers/pad/pad.o
LOAD /home/gregmartin/ActiveProjects/pulp-freertos/common/pmsis/pmsis_implem_pulp/drivers/timer/timer.o
LOAD /home/gregmartin/ActiveProjects/pulp-freertos/common/pmsis/pmsis_rtos/event_kernel/event_kernel.o
LOAD /home/gregmartin/ActiveProjects/pulp-freertos/common/pmsis/pmsis_rtos/os/device.o
LOAD /home/gregmartin/ActiveProjects/pulp-freertos/common/pmsis/pmsis_rtos/os/pmsis_task.o
LOAD /home/gregmartin/ActiveProjects/pulp-freertos/common/pmsis/pmsis_rtos/pi_log.o
LOAD /home/gregmartin/ActiveProjects/pulp-freertos/common/pmsis/backend/pmsis_backend_native_task_api.o
LOAD uart_test.o
LOAD /opt/pulp-gcc-ubuntu1804-20200913/bin/../lib/gcc/riscv32-unknown-elf/7.1.1/libgcc.a
LOAD /opt/pulp-gcc-ubuntu1804-20200913/bin/../lib/gcc/riscv32-unknown-elf/7.1.1/../../../../riscv32-unknown-elf/lib/libc.a
LOAD /opt/pulp-gcc-ubuntu1804-20200913/bin/../lib/gcc/riscv32-unknown-elf/7.1.1/../../../../riscv32-unknown-elf/lib/libm.a
LOAD /opt/pulp-gcc-ubuntu1804-20200913/bin/../lib/gcc/riscv32-unknown-elf/7.1.1/libgcc.a
                0x000000001c000880                PROVIDE (__boot_address, 0x1c000880)
                0x0000000000000800                __stack_size = DEFINED (__stack_size)?__stack_size:0x800
                [!provide]                        PROVIDE (__stack_size, __stack_size)
                [0x0000000000000000]                __heap_size = DEFINED (__heap_size)?__heap_size:0x400
                [!provide]                        PROVIDE (__heap_size, __heap_size)

.data_tiny_fc
 *(.data_tiny_fc)
 *(.data_tiny_fc.*)

.init
 *(.init)

.vectors        0x000000001c000800       0x80
                0x000000001c000800                __irq_vector_base = .
                0x000000001c000800                __vector_start = .
 *(.vectors)
 .vectors       0x000000001c000800       0x80 /home/gregmartin/ActiveProjects/pulp-freertos/common/target/vectors.o

.text           0x000000001c000880     0xd88c
                0x000000001c000880                _stext = .
 *(.text.start)
 .text.start    0x000000001c000880       0x5a /home/gregmartin/ActiveProjects/pulp-freertos/common/target/crt0.o
                0x000000001c000880                _start
                0x000000001c0008d8                _init
                0x000000001c0008d8                _fini
 *(.text)
 *fill*         0x000000001c0008da       0x26 
 .text          0x000000001c000900      0x544 /home/gregmartin/ActiveProjects/pulp-freertos/kernel/portable/GCC/RISC-V/portASM.o
                0x000000001c000900                freertos_risc_v_trap_handler
                0x000000001c000b00                freertos_risc_v_ctxt_handler
                0x000000001c000d00                xPortStartFirstTask
                0x000000001c000e00                pxPortInitialiseStack
 .text          0x000000001c000e44       0x30 /home/gregmartin/ActiveProjects/pulp-freertos/common/pmsis/pmsis_implem_pulp/drivers/fc_event/fc_event.o
                0x000000001c000e44                fc_soc_event_handler
 .text          0x000000001c000e74       0x76 /opt/pulp-gcc-ubuntu1804-20200913/bin/../lib/gcc/riscv32-unknown-elf/7.1.1/libgcc.a(_clzsi2.o)
                0x000000001c000e74                __clzsi2
 .text          0x000000001c000eea       0x10 /opt/pulp-gcc-ubuntu1804-20200913/bin/../lib/gcc/riscv32-unknown-elf/7.1.1/../../../../riscv32-unknown-elf/lib/libc.a(lib_a-abort.o)
                0x000000001c000eea                abort
 .text          0x000000001c000efa       0x44 /opt/pulp-gcc-ubuntu1804-20200913/bin/../lib/gcc/riscv32-unknown-elf/7.1.1/../../../../riscv32-unknown-elf/lib/libc.a(lib_a-assert.o)
                0x000000001c000efa                __assert_func
                0x000000001c000f34                __assert
 .text          0x000000001c000f3e        0xc /opt/pulp-gcc-ubuntu1804-20200913/bin/../lib/gcc/riscv32-unknown-elf/7.1.1/../../../../riscv32-unknown-elf/lib/libc.a(lib_a-atexit.o)
                0x000000001c000f3e                atexit
 .text          0x000000001c000f4a       0x1e /opt/pulp-gcc-ubuntu1804-20200913/bin/../lib/gcc/riscv32-unknown-elf/7.1.1/../../../../riscv32-unknown-elf/lib/libc.a(lib_a-exit.o)
                0x000000001c000f4a                exit
 .text          0x000000001c000f68       0x3c /opt/pulp-gcc-ubuntu1804-20200913/bin/../lib/gcc/riscv32-unknown-elf/7.1.1/../../../../riscv32-unknown-elf/lib/libc.a(lib_a-fini.o)
                0x000000001c000f68                __libc_fini_array
 .text          0x000000001c000fa4       0x4a /opt/pulp-gcc-ubuntu1804-20200913/bin/../lib/gcc/riscv32-unknown-elf/7.1.1/../../../../riscv32-unknown-elf/lib/libc.a(lib_a-fiprintf.o)
                0x000000001c000fa4                _fiprintf_r
                0x000000001c000fc4                fiprintf
 .text          0x000000001c000fee       0x76 /opt/pulp-gcc-ubuntu1804-20200913/bin/../lib/gcc/riscv32-unknown-elf/7.1.1/../../../../riscv32-unknown-elf/lib/libc.a(lib_a-init.o)
                0x000000001c000fee                __libc_init_array
 .text          0x000000001c001064       0x12 /opt/pulp-gcc-ubuntu1804-20200913/bin/../lib/gcc/riscv32-unknown-elf/7.1.1/../../../../riscv32-unknown-elf/lib/libc.a(lib_a-malloc.o)
                0x000000001c001064                malloc
                0x000000001c00106c                free
 .text          0x000000001c001076      0x552 /opt/pulp-gcc-ubuntu1804-20200913/bin/../lib/gcc/riscv32-unknown-elf/7.1.1/../../../../riscv32-unknown-elf/lib/libc.a(lib_a-mallocr.o)
                0x000000001c001076                _malloc_r
 .text          0x000000001c0015c8       0xe4 /opt/pulp-gcc-ubuntu1804-20200913/bin/../lib/gcc/riscv32-unknown-elf/7.1.1/../../../../riscv32-unknown-elf/lib/libc.a(lib_a-memcpy.o)
                0x000000001c0015c8                memcpy
 .text          0x000000001c0016ac       0xa8 /opt/pulp-gcc-ubuntu1804-20200913/bin/../lib/gcc/riscv32-unknown-elf/7.1.1/../../../../riscv32-unknown-elf/lib/libc.a(lib_a-memset.o)
                0x000000001c0016ac                memset
 .text          0x000000001c001754       0x52 /opt/pulp-gcc-ubuntu1804-20200913/bin/../lib/gcc/riscv32-unknown-elf/7.1.1/../../../../riscv32-unknown-elf/lib/libc.a(lib_a-printf.o)
                0x000000001c001754                _printf_r
                0x000000001c001778                printf
 .text          0x000000001c0017a6       0x82 /opt/pulp-gcc-ubuntu1804-20200913/bin/../lib/gcc/riscv32-unknown-elf/7.1.1/../../../../riscv32-unknown-elf/lib/libc.a(lib_a-puts.o)
                0x000000001c0017a6                _puts_r
                0x000000001c001820                puts
 .text          0x000000001c001828       0xd6 /opt/pulp-gcc-ubuntu1804-20200913/bin/../lib/gcc/riscv32-unknown-elf/7.1.1/../../../../riscv32-unknown-elf/lib/libc.a(lib_a-reent.o)
                0x000000001c001828                cleanup_glue
                0x000000001c00185a                _reclaim_reent
 .text          0x000000001c0018fe       0x36 /opt/pulp-gcc-ubuntu1804-20200913/bin/../lib/gcc/riscv32-unknown-elf/7.1.1/../../../../riscv32-unknown-elf/lib/libc.a(lib_a-sbrkr.o)
                0x000000001c0018fe                _sbrk_r
 .text          0x000000001c001934      0x182 /opt/pulp-gcc-ubuntu1804-20200913/bin/../lib/gcc/riscv32-unknown-elf/7.1.1/../../../../riscv32-unknown-elf/lib/libc.a(lib_a-signal.o)
                0x000000001c001966                _init_signal_r
                0x000000001c001972                _signal_r
                0x000000001c0019be                _raise_r
                0x000000001c001a2c                __sigtramp_r
                0x000000001c001a8c                raise
                0x000000001c001a94                signal
                0x000000001c001a9e                _init_signal
                0x000000001c001aae                __sigtramp
 .text          0x000000001c001ab6       0x3e /opt/pulp-gcc-ubuntu1804-20200913/bin/../lib/gcc/riscv32-unknown-elf/7.1.1/../../../../riscv32-unknown-elf/lib/libc.a(lib_a-signalr.o)
                0x000000001c001ab6                _kill_r
                0x000000001c001af0                _getpid_r
 .text          0x000000001c001af4       0x88 /opt/pulp-gcc-ubuntu1804-20200913/bin/../lib/gcc/riscv32-unknown-elf/7.1.1/../../../../riscv32-unknown-elf/lib/libc.a(lib_a-sprintf.o)
                0x000000001c001af4                _sprintf_r
                0x000000001c001b34                sprintf
 .text          0x000000001c001b7c       0x64 /opt/pulp-gcc-ubuntu1804-20200913/bin/../lib/gcc/riscv32-unknown-elf/7.1.1/../../../../riscv32-unknown-elf/lib/libc.a(lib_a-strlen.o)
                0x000000001c001b7c                strlen
 .text          0x000000001c001be0     0x138c /opt/pulp-gcc-ubuntu1804-20200913/bin/../lib/gcc/riscv32-unknown-elf/7.1.1/../../../../riscv32-unknown-elf/lib/libc.a(lib_a-svfprintf.o)
                0x000000001c001be0                _svfprintf_r
 .text          0x000000001c002f6c      0xb28 /opt/pulp-gcc-ubuntu1804-20200913/bin/../lib/gcc/riscv32-unknown-elf/7.1.1/../../../../riscv32-unknown-elf/lib/libc.a(lib_a-vfiprintf.o)
                0x000000001c003006                __sprint_r
                0x000000001c003014                _vfiprintf_r
                0x000000001c0039f2                vfiprintf
 .text          0x000000001c003a94     0x1468 /opt/pulp-gcc-ubuntu1804-20200913/bin/../lib/gcc/riscv32-unknown-elf/7.1.1/../../../../riscv32-unknown-elf/lib/libc.a(lib_a-vfprintf.o)
                0x000000001c003a94                _vfprintf_r
                0x000000001c004e5a                vfprintf
 .text          0x000000001c004efc       0x1a /opt/pulp-gcc-ubuntu1804-20200913/bin/../lib/gcc/riscv32-unknown-elf/7.1.1/../../../../riscv32-unknown-elf/lib/libc.a(lib_a-vprintf.o)
                0x000000001c004efc                vprintf
                0x000000001c004f0c                _vprintf_r
 .text          0x000000001c004f16       0xe8 /opt/pulp-gcc-ubuntu1804-20200913/bin/../lib/gcc/riscv32-unknown-elf/7.1.1/../../../../riscv32-unknown-elf/lib/libc.a(lib_a-wsetup.o)
                0x000000001c004f16                __swsetup_r
 .text          0x000000001c004ffe       0x6c /opt/pulp-gcc-ubuntu1804-20200913/bin/../lib/gcc/riscv32-unknown-elf/7.1.1/../../../../riscv32-unknown-elf/lib/libc.a(lib_a-__atexit.o)
                0x000000001c004ffe                __register_exitproc
 .text          0x000000001c00506a       0xbc /opt/pulp-gcc-ubuntu1804-20200913/bin/../lib/gcc/riscv32-unknown-elf/7.1.1/../../../../riscv32-unknown-elf/lib/libc.a(lib_a-__call_atexit.o)
                0x000000001c00506a                __call_exitprocs
 .text          0x000000001c005126      0xffc /opt/pulp-gcc-ubuntu1804-20200913/bin/../lib/gcc/riscv32-unknown-elf/7.1.1/../../../../riscv32-unknown-elf/lib/libc.a(lib_a-dtoa.o)
                0x000000001c00527a                _dtoa_r
 .text          0x000000001c006122      0x1f4 /opt/pulp-gcc-ubuntu1804-20200913/bin/../lib/gcc/riscv32-unknown-elf/7.1.1/../../../../riscv32-unknown-elf/lib/libc.a(lib_a-fflush.o)
                0x000000001c006122                __sflush_r
                0x000000001c0062c8                _fflush_r
                0x000000001c0062fc                fflush
 .text          0x000000001c006316      0x282 /opt/pulp-gcc-ubuntu1804-20200913/bin/../lib/gcc/riscv32-unknown-elf/7.1.1/../../../../riscv32-unknown-elf/lib/libc.a(lib_a-findfp.o)
                0x000000001c00631a                _cleanup_r
                0x000000001c00645e                __sfmoreglue
                0x000000001c0064a6                __sfp
                0x000000001c006558                _cleanup
                0x000000001c006568                __sinit
                0x000000001c006570                __sfp_lock_acquire
                0x000000001c006572                __sfp_lock_release
                0x000000001c006574                __sinit_lock_acquire
                0x000000001c006576                __sinit_lock_release
                0x000000001c006578                __fp_lock_all
                0x000000001c006588                __fp_unlock_all
 .text          0x000000001c006598      0x12e /opt/pulp-gcc-ubuntu1804-20200913/bin/../lib/gcc/riscv32-unknown-elf/7.1.1/../../../../riscv32-unknown-elf/lib/libc.a(lib_a-fputwc.o)
                0x000000001c006598                __fputwc
                0x000000001c00665e                _fputwc_r
                0x000000001c00667c                fputwc
 .text          0x000000001c0066c6      0x2f0 /opt/pulp-gcc-ubuntu1804-20200913/bin/../lib/gcc/riscv32-unknown-elf/7.1.1/../../../../riscv32-unknown-elf/lib/libc.a(lib_a-freer.o)
                0x000000001c0066c6                _malloc_trim_r
                0x000000001c006794                _free_r
 .text          0x000000001c0069b6      0x302 /opt/pulp-gcc-ubuntu1804-20200913/bin/../lib/gcc/riscv32-unknown-elf/7.1.1/../../../../riscv32-unknown-elf/lib/libc.a(lib_a-fvwrite.o)
                0x000000001c0069b6                __sfvwrite_r
 .text          0x000000001c006cb8       0xf0 /opt/pulp-gcc-ubuntu1804-20200913/bin/../lib/gcc/riscv32-unknown-elf/7.1.1/../../../../riscv32-unknown-elf/lib/libc.a(lib_a-fwalk.o)
                0x000000001c006cb8                _fwalk
                0x000000001c006d2c                _fwalk_reent
 .text          0x000000001c006da8       0x86 /opt/pulp-gcc-ubuntu1804-20200913/bin/../lib/gcc/riscv32-unknown-elf/7.1.1/../../../../riscv32-unknown-elf/lib/libc.a(lib_a-locale.o)
                0x000000001c006da8                _setlocale_r
                0x000000001c006dfa                __locale_mb_cur_max
                0x000000001c006e0c                __locale_ctype_ptr_l
                0x000000001c006e12                __locale_ctype_ptr
                0x000000001c006e24                setlocale
 .text          0x000000001c006e2e       0x2a /opt/pulp-gcc-ubuntu1804-20200913/bin/../lib/gcc/riscv32-unknown-elf/7.1.1/../../../../riscv32-unknown-elf/lib/libc.a(lib_a-localeconv.o)
                0x000000001c006e2e                __localeconv_l
                0x000000001c006e34                _localeconv_r
                0x000000001c006e46                localeconv
 .text          0x000000001c006e58      0x138 /opt/pulp-gcc-ubuntu1804-20200913/bin/../lib/gcc/riscv32-unknown-elf/7.1.1/../../../../riscv32-unknown-elf/lib/libc.a(lib_a-makebuf.o)
                0x000000001c006e58                __swhatbuf_r
                0x000000001c006eda                __smakebuf_r
 .text          0x000000001c006f90       0x50 /opt/pulp-gcc-ubuntu1804-20200913/bin/../lib/gcc/riscv32-unknown-elf/7.1.1/../../../../riscv32-unknown-elf/lib/libc.a(lib_a-mbtowc_r.o)
                0x000000001c006f90                _mbtowc_r
                0x000000001c006fa2                __ascii_mbtowc
 .text          0x000000001c006fe0       0xa8 /opt/pulp-gcc-ubuntu1804-20200913/bin/../lib/gcc/riscv32-unknown-elf/7.1.1/../../../../riscv32-unknown-elf/lib/libc.a(lib_a-memchr.o)
                0x000000001c006fe0                memchr
 .text          0x000000001c007088       0xca /opt/pulp-gcc-ubuntu1804-20200913/bin/../lib/gcc/riscv32-unknown-elf/7.1.1/../../../../riscv32-unknown-elf/lib/libc.a(lib_a-memmove.o)
                0x000000001c007088                memmove
 .text          0x000000001c007152      0xa50 /opt/pulp-gcc-ubuntu1804-20200913/bin/../lib/gcc/riscv32-unknown-elf/7.1.1/../../../../riscv32-unknown-elf/lib/libc.a(lib_a-mprec.o)
                0x000000001c007152                _Balloc
                0x000000001c0071b8                _Bfree
                0x000000001c0071ca                __multadd
                0x000000001c00726e                __s2b
                0x000000001c00730c                __hi0bits
                0x000000001c007354                __lo0bits
                0x000000001c0073c0                __i2b
                0x000000001c0073da                __multiply
                0x000000001c00754c                __pow5mult
                0x000000001c00760e                __lshift
                0x000000001c0076ec                __mcmp
                0x000000001c007724                __mdiff
                0x000000001c007866                __ulp
                0x000000001c0078ac                __b2d
                0x000000001c007970                __d2b
                0x000000001c007a46                __ratio
                0x000000001c007aa4                _mprec_log10
                0x000000001c007b08                __copybits
                0x000000001c007b4e                __any_on
 .text          0x000000001c007ba2      0x460 /opt/pulp-gcc-ubuntu1804-20200913/bin/../lib/gcc/riscv32-unknown-elf/7.1.1/../../../../riscv32-unknown-elf/lib/libc.a(lib_a-reallocr.o)
                0x000000001c007ba2                _realloc_r
 .text          0x000000001c008002       0xd8 /opt/pulp-gcc-ubuntu1804-20200913/bin/../lib/gcc/riscv32-unknown-elf/7.1.1/../../../../riscv32-unknown-elf/lib/libc.a(lib_a-stdio.o)
                0x000000001c008002                __sread
                0x000000001c00803a                __seofread
                0x000000001c00803e                __swrite
                0x000000001c008090                __sseek
                0x000000001c0080d2                __sclose
 .text          0x000000001c0080da      0x11e /opt/pulp-gcc-ubuntu1804-20200913/bin/../lib/gcc/riscv32-unknown-elf/7.1.1/../../../../riscv32-unknown-elf/lib/libc.a(lib_a-strcmp.o)
                0x000000001c0080da                strcmp
 .text          0x000000001c0081f8      0x9b8 /opt/pulp-gcc-ubuntu1804-20200913/bin/../lib/gcc/riscv32-unknown-elf/7.1.1/../../../../riscv32-unknown-elf/lib/libc.a(lib_a-svfiprintf.o)
                0x000000001c0081f8                __ssprint_r
                0x000000001c008324                _svfiprintf_r
 .text          0x000000001c008bb0      0x108 /opt/pulp-gcc-ubuntu1804-20200913/bin/../lib/gcc/riscv32-unknown-elf/7.1.1/../../../../riscv32-unknown-elf/lib/libc.a(lib_a-wbuf.o)
                0x000000001c008bb0                __swbuf_r
                0x000000001c008cae                __swbuf
 .text          0x000000001c008cb8       0xce /opt/pulp-gcc-ubuntu1804-20200913/bin/../lib/gcc/riscv32-unknown-elf/7.1.1/../../../../riscv32-unknown-elf/lib/libc.a(lib_a-wcrtomb.o)
                0x000000001c008cb8                _wcrtomb_r
                0x000000001c008d1e                wcrtomb
 .text          0x000000001c008d86       0x32 /opt/pulp-gcc-ubuntu1804-20200913/bin/../lib/gcc/riscv32-unknown-elf/7.1.1/../../../../riscv32-unknown-elf/lib/libc.a(lib_a-wctomb_r.o)
                0x000000001c008d86                _wctomb_r
                0x000000001c008d98                __ascii_wctomb
 .text          0x000000001c008db8       0x3c /opt/pulp-gcc-ubuntu1804-20200913/bin/../lib/gcc/riscv32-unknown-elf/7.1.1/../../../../riscv32-unknown-elf/lib/libc.a(lib_a-writer.o)
                0x000000001c008db8                _write_r
 .text          0x000000001c008df4       0x80 /opt/pulp-gcc-ubuntu1804-20200913/bin/../lib/gcc/riscv32-unknown-elf/7.1.1/../../../../riscv32-unknown-elf/lib/libc.a(lib_a-callocr.o)
                0x000000001c008df4                _calloc_r
 .text          0x000000001c008e74       0x36 /opt/pulp-gcc-ubuntu1804-20200913/bin/../lib/gcc/riscv32-unknown-elf/7.1.1/../../../../riscv32-unknown-elf/lib/libc.a(lib_a-closer.o)
                0x000000001c008e74                _close_r
 .text          0x000000001c008eaa       0xae /opt/pulp-gcc-ubuntu1804-20200913/bin/../lib/gcc/riscv32-unknown-elf/7.1.1/../../../../riscv32-unknown-elf/lib/libc.a(lib_a-fclose.o)
                0x000000001c008eaa                _fclose_r
                0x000000001c008f50                fclose
 .text          0x000000001c008f58       0x3a /opt/pulp-gcc-ubuntu1804-20200913/bin/../lib/gcc/riscv32-unknown-elf/7.1.1/../../../../riscv32-unknown-elf/lib/libc.a(lib_a-fstatr.o)
                0x000000001c008f58                _fstat_r
 .text          0x000000001c008f92       0x36 /opt/pulp-gcc-ubuntu1804-20200913/bin/../lib/gcc/riscv32-unknown-elf/7.1.1/../../../../riscv32-unknown-elf/lib/libc.a(lib_a-isattyr.o)
                0x000000001c008f92                _isatty_r
 .text          0x000000001c008fc8       0x3c /opt/pulp-gcc-ubuntu1804-20200913/bin/../lib/gcc/riscv32-unknown-elf/7.1.1/../../../../riscv32-unknown-elf/lib/libc.a(lib_a-lseekr.o)
                0x000000001c008fc8                _lseek_r
 .text          0x000000001c009004       0x3c /opt/pulp-gcc-ubuntu1804-20200913/bin/../lib/gcc/riscv32-unknown-elf/7.1.1/../../../../riscv32-unknown-elf/lib/libc.a(lib_a-readr.o)
                0x000000001c009004                _read_r
 .text          0x000000001c009040      0x6c8 /opt/pulp-gcc-ubuntu1804-20200913/bin/../lib/gcc/riscv32-unknown-elf/7.1.1/libgcc.a(adddf3.o)
                0x000000001c009040                __adddf3
 .text          0x000000001c009708      0x614 /opt/pulp-gcc-ubuntu1804-20200913/bin/../lib/gcc/riscv32-unknown-elf/7.1.1/libgcc.a(divdf3.o)
                0x000000001c009708                __divdf3
 .text          0x000000001c009d1c       0x6a /opt/pulp-gcc-ubuntu1804-20200913/bin/../lib/gcc/riscv32-unknown-elf/7.1.1/libgcc.a(eqdf2.o)
                0x000000001c009d1c                __eqdf2
                0x000000001c009d1c                __nedf2
 .text          0x000000001c009d86       0xb2 /opt/pulp-gcc-ubuntu1804-20200913/bin/../lib/gcc/riscv32-unknown-elf/7.1.1/libgcc.a(gedf2.o)
                0x000000001c009d86                __gtdf2
                0x000000001c009d86                __gedf2
 .text          0x000000001c009e38       0xba /opt/pulp-gcc-ubuntu1804-20200913/bin/../lib/gcc/riscv32-unknown-elf/7.1.1/libgcc.a(ledf2.o)
                0x000000001c009e38                __ltdf2
                0x000000001c009e38                __ledf2
 .text          0x000000001c009ef2      0x4f2 /opt/pulp-gcc-ubuntu1804-20200913/bin/../lib/gcc/riscv32-unknown-elf/7.1.1/libgcc.a(muldf3.o)
                0x000000001c009ef2                __muldf3
 .text          0x000000001c00a3e4      0x70a /opt/pulp-gcc-ubuntu1804-20200913/bin/../lib/gcc/riscv32-unknown-elf/7.1.1/libgcc.a(subdf3.o)
                0x000000001c00a3e4                __subdf3
 .text          0x000000001c00aaee       0x3c /opt/pulp-gcc-ubuntu1804-20200913/bin/../lib/gcc/riscv32-unknown-elf/7.1.1/libgcc.a(unorddf2.o)
                0x000000001c00aaee                __unorddf2
 .text          0x000000001c00ab2a       0x68 /opt/pulp-gcc-ubuntu1804-20200913/bin/../lib/gcc/riscv32-unknown-elf/7.1.1/libgcc.a(fixdfsi.o)
                0x000000001c00ab2a                __fixdfsi
 .text          0x000000001c00ab92       0xaa /opt/pulp-gcc-ubuntu1804-20200913/bin/../lib/gcc/riscv32-unknown-elf/7.1.1/libgcc.a(floatsidf.o)
                0x000000001c00ab92                __floatsidf
 .text          0x000000001c00ac3c       0x78 /opt/pulp-gcc-ubuntu1804-20200913/bin/../lib/gcc/riscv32-unknown-elf/7.1.1/libgcc.a(floatunsidf.o)
                0x000000001c00ac3c                __floatunsidf
 .text          0x000000001c00acb4      0x290 /opt/pulp-gcc-ubuntu1804-20200913/bin/../lib/gcc/riscv32-unknown-elf/7.1.1/libgcc.a(trunctfdf2.o)
                0x000000001c00acb4                __trunctfdf2
 *(.text.*)
 .text.vListInitialise
                0x000000001c00af44       0x14 /home/gregmartin/ActiveProjects/pulp-freertos/kernel/list.o
                0x000000001c00af44                vListInitialise
 .text.vListInitialiseItem
                0x000000001c00af58        0x6 /home/gregmartin/ActiveProjects/pulp-freertos/kernel/list.o
                0x000000001c00af58                vListInitialiseItem
 .text.vListInsertEnd
                0x000000001c00af5e       0x18 /home/gregmartin/ActiveProjects/pulp-freertos/kernel/list.o
                0x000000001c00af5e                vListInsertEnd
 .text.vListInsert
                0x000000001c00af76       0x30 /home/gregmartin/ActiveProjects/pulp-freertos/kernel/list.o
                0x000000001c00af76                vListInsert
 .text.uxListRemove
                0x000000001c00afa6       0x28 /home/gregmartin/ActiveProjects/pulp-freertos/kernel/list.o
                0x000000001c00afa6                uxListRemove
 .text.prvGetDisinheritPriorityAfterTimeout
                0x000000001c00afce       0x12 /home/gregmartin/ActiveProjects/pulp-freertos/kernel/queue.o
 .text.prvIsQueueFull
                0x000000001c00afe0       0x28 /home/gregmartin/ActiveProjects/pulp-freertos/kernel/queue.o
 .text.prvIsQueueEmpty
                0x000000001c00b008       0x24 /home/gregmartin/ActiveProjects/pulp-freertos/kernel/queue.o
 .text.prvCopyDataToQueue
                0x000000001c00b02c       0x8e /home/gregmartin/ActiveProjects/pulp-freertos/kernel/queue.o
 .text.prvCopyDataFromQueue
                0x000000001c00b0ba       0x2a /home/gregmartin/ActiveProjects/pulp-freertos/kernel/queue.o
 .text.prvUnlockQueue
                0x000000001c00b0e4       0x80 /home/gregmartin/ActiveProjects/pulp-freertos/kernel/queue.o
 .text.xQueueGenericReset
                0x000000001c00b164       0x92 /home/gregmartin/ActiveProjects/pulp-freertos/kernel/queue.o
                0x000000001c00b164                xQueueGenericReset
 .text.prvInitialiseNewQueue
                0x000000001c00b1f6       0x2e /home/gregmartin/ActiveProjects/pulp-freertos/kernel/queue.o
 .text.xQueueGenericCreate
                0x000000001c00b224       0x64 /home/gregmartin/ActiveProjects/pulp-freertos/kernel/queue.o
                0x000000001c00b224                xQueueGenericCreate
 .text.xQueueCreateCountingSemaphore
                0x000000001c00b288       0x62 /home/gregmartin/ActiveProjects/pulp-freertos/kernel/queue.o
                0x000000001c00b288                xQueueCreateCountingSemaphore
 .text.xQueueGenericSend
                0x000000001c00b2ea      0x19c /home/gregmartin/ActiveProjects/pulp-freertos/kernel/queue.o
                0x000000001c00b2ea                xQueueGenericSend
 .text.prvInitialiseMutex
                0x000000001c00b486       0x24 /home/gregmartin/ActiveProjects/pulp-freertos/kernel/queue.o
 .text.xQueueCreateMutex
                0x000000001c00b4aa       0x20 /home/gregmartin/ActiveProjects/pulp-freertos/kernel/queue.o
                0x000000001c00b4aa                xQueueCreateMutex
 .text.xQueueGenericSendFromISR
                0x000000001c00b4ca       0xf6 /home/gregmartin/ActiveProjects/pulp-freertos/kernel/queue.o
                0x000000001c00b4ca                xQueueGenericSendFromISR
 .text.xQueueGiveFromISR
                0x000000001c00b5c0       0xce /home/gregmartin/ActiveProjects/pulp-freertos/kernel/queue.o
                0x000000001c00b5c0                xQueueGiveFromISR
 .text.xQueueReceive
                0x000000001c00b68e      0x16a /home/gregmartin/ActiveProjects/pulp-freertos/kernel/queue.o
                0x000000001c00b68e                xQueueReceive
 .text.xQueueSemaphoreTake
                0x000000001c00b7f8      0x1ba /home/gregmartin/ActiveProjects/pulp-freertos/kernel/queue.o
                0x000000001c00b7f8                xQueueSemaphoreTake
 .text.xQueueReceiveFromISR
                0x000000001c00b9b2       0xc4 /home/gregmartin/ActiveProjects/pulp-freertos/kernel/queue.o
                0x000000001c00b9b2                xQueueReceiveFromISR
 .text.vQueueAddToRegistry
                0x000000001c00ba76       0x2a /home/gregmartin/ActiveProjects/pulp-freertos/kernel/queue.o
                0x000000001c00ba76                vQueueAddToRegistry
 .text.vQueueUnregisterQueue
                0x000000001c00baa0       0x30 /home/gregmartin/ActiveProjects/pulp-freertos/kernel/queue.o
                0x000000001c00baa0                vQueueUnregisterQueue
 .text.vQueueDelete
                0x000000001c00bad0       0x3c /home/gregmartin/ActiveProjects/pulp-freertos/kernel/queue.o
                0x000000001c00bad0                vQueueDelete
 .text.vQueueWaitForMessageRestricted
                0x000000001c00bb0c       0x62 /home/gregmartin/ActiveProjects/pulp-freertos/kernel/queue.o
                0x000000001c00bb0c                vQueueWaitForMessageRestricted
 .text.prvResetNextTaskUnblockTime
                0x000000001c00bb6e       0x20 /home/gregmartin/ActiveProjects/pulp-freertos/kernel/tasks.o
 .text.prvInitialiseNewTask
                0x000000001c00bb8e      0x140 /home/gregmartin/ActiveProjects/pulp-freertos/kernel/tasks.o
 .text.prvInitialiseTaskLists
                0x000000001c00bcce       0x6a /home/gregmartin/ActiveProjects/pulp-freertos/kernel/tasks.o
 .text.prvDeleteTCB
                0x000000001c00bd38       0x24 /home/gregmartin/ActiveProjects/pulp-freertos/kernel/tasks.o
 .text.prvAddCurrentTaskToDelayedList
                0x000000001c00bd5c       0x9c /home/gregmartin/ActiveProjects/pulp-freertos/kernel/tasks.o
 .text.vTaskSuspendAll
                0x000000001c00bdf8        0xc /home/gregmartin/ActiveProjects/pulp-freertos/kernel/tasks.o
                0x000000001c00bdf8                vTaskSuspendAll
 .text.xTaskGetTickCount
                0x000000001c00be04        0x6 /home/gregmartin/ActiveProjects/pulp-freertos/kernel/tasks.o
                0x000000001c00be04                xTaskGetTickCount
 .text.xTaskIncrementTick
                0x000000001c00be0a      0x12e /home/gregmartin/ActiveProjects/pulp-freertos/kernel/tasks.o
                0x000000001c00be0a                xTaskIncrementTick
 .text.vTaskSwitchContext
                0x000000001c00bf38       0xfc /home/gregmartin/ActiveProjects/pulp-freertos/kernel/tasks.o
                0x000000001c00bf38                vTaskSwitchContext
 .text.vTaskPlaceOnEventList
                0x000000001c00c034       0x46 /home/gregmartin/ActiveProjects/pulp-freertos/kernel/tasks.o
                0x000000001c00c034                vTaskPlaceOnEventList
 .text.vTaskPlaceOnEventListRestricted
                0x000000001c00c07a       0x50 /home/gregmartin/ActiveProjects/pulp-freertos/kernel/tasks.o
                0x000000001c00c07a                vTaskPlaceOnEventListRestricted
 .text.xTaskRemoveFromEventList
                0x000000001c00c0ca       0xa0 /home/gregmartin/ActiveProjects/pulp-freertos/kernel/tasks.o
                0x000000001c00c0ca                xTaskRemoveFromEventList
 .text.vTaskInternalSetTimeOutState
                0x000000001c00c16a        0xe /home/gregmartin/ActiveProjects/pulp-freertos/kernel/tasks.o
                0x000000001c00c16a                vTaskInternalSetTimeOutState
 .text.vTaskMissedYield
                0x000000001c00c178        0x8 /home/gregmartin/ActiveProjects/pulp-freertos/kernel/tasks.o
                0x000000001c00c178                vTaskMissedYield
 .text.xTaskGetSchedulerState
                0x000000001c00c180       0x18 /home/gregmartin/ActiveProjects/pulp-freertos/kernel/tasks.o
                0x000000001c00c180                xTaskGetSchedulerState
 .text.xTaskPriorityInherit
                0x000000001c00c198       0xc0 /home/gregmartin/ActiveProjects/pulp-freertos/kernel/tasks.o
                0x000000001c00c198                xTaskPriorityInherit
 .text.xTaskPriorityDisinherit
                0x000000001c00c258       0xe6 /home/gregmartin/ActiveProjects/pulp-freertos/kernel/tasks.o
                0x000000001c00c258                xTaskPriorityDisinherit
 .text.vTaskPriorityDisinheritAfterTimeout
                0x000000001c00c33e       0xf0 /home/gregmartin/ActiveProjects/pulp-freertos/kernel/tasks.o
                0x000000001c00c33e                vTaskPriorityDisinheritAfterTimeout
 .text.vTaskEnterCritical
                0x000000001c00c42e       0x1a /home/gregmartin/ActiveProjects/pulp-freertos/kernel/tasks.o
                0x000000001c00c42e                vTaskEnterCritical
 .text.vTaskExitCritical
                0x000000001c00c448       0x26 /home/gregmartin/ActiveProjects/pulp-freertos/kernel/tasks.o
                0x000000001c00c448                vTaskExitCritical
 .text.prvAddNewTaskToReadyList
                0x000000001c00c46e       0xa0 /home/gregmartin/ActiveProjects/pulp-freertos/kernel/tasks.o
 .text.xTaskCreate
                0x000000001c00c50e       0x7e /home/gregmartin/ActiveProjects/pulp-freertos/kernel/tasks.o
                0x000000001c00c50e                xTaskCreate
 .text.vTaskStartScheduler
                0x000000001c00c58c       0x88 /home/gregmartin/ActiveProjects/pulp-freertos/kernel/tasks.o
                0x000000001c00c58c                vTaskStartScheduler
 .text.prvCheckTasksWaitingTermination
                0x000000001c00c614       0x4e /home/gregmartin/ActiveProjects/pulp-freertos/kernel/tasks.o
 .text.prvIdleTask
                0x000000001c00c662        0xa /home/gregmartin/ActiveProjects/pulp-freertos/kernel/tasks.o
 .text.xTaskResumeAll
                0x000000001c00c66c       0xf4 /home/gregmartin/ActiveProjects/pulp-freertos/kernel/tasks.o
                0x000000001c00c66c                xTaskResumeAll
 .text.vTaskDelay
                0x000000001c00c760       0x54 /home/gregmartin/ActiveProjects/pulp-freertos/kernel/tasks.o
                0x000000001c00c760                vTaskDelay
 .text.xTaskCheckForTimeOut
                0x000000001c00c7b4       0xbe /home/gregmartin/ActiveProjects/pulp-freertos/kernel/tasks.o
                0x000000001c00c7b4                xTaskCheckForTimeOut
 .text.pvTaskIncrementMutexHeldCount
                0x000000001c00c872       0x16 /home/gregmartin/ActiveProjects/pulp-freertos/kernel/tasks.o
                0x000000001c00c872                pvTaskIncrementMutexHeldCount
 .text.prvGetNextExpireTime
                0x000000001c00c888       0x1c /home/gregmartin/ActiveProjects/pulp-freertos/kernel/timers.o
 .text.prvInsertTimerInActiveList
                0x000000001c00c8a4       0x48 /home/gregmartin/ActiveProjects/pulp-freertos/kernel/timers.o
 .text.prvCheckForValidListAndQueue
                0x000000001c00c8ec       0x5e /home/gregmartin/ActiveProjects/pulp-freertos/kernel/timers.o
 .text.xTimerCreateTimerTask
                0x000000001c00c94a       0x56 /home/gregmartin/ActiveProjects/pulp-freertos/kernel/timers.o
                0x000000001c00c94a                xTimerCreateTimerTask
 .text.xTimerGenericCommand
                0x000000001c00c9a0       0x80 /home/gregmartin/ActiveProjects/pulp-freertos/kernel/timers.o
                0x000000001c00c9a0                xTimerGenericCommand
 .text.prvSwitchTimerLists
                0x000000001c00ca20       0xa8 /home/gregmartin/ActiveProjects/pulp-freertos/kernel/timers.o
 .text.prvSampleTimeNow
                0x000000001c00cac8       0x36 /home/gregmartin/ActiveProjects/pulp-freertos/kernel/timers.o
 .text.prvProcessExpiredTimer
                0x000000001c00cafe       0x80 /home/gregmartin/ActiveProjects/pulp-freertos/kernel/timers.o
 .text.prvProcessTimerOrBlockTask
                0x000000001c00cb7e       0x6c /home/gregmartin/ActiveProjects/pulp-freertos/kernel/timers.o
 .text.prvProcessReceivedCommands
                0x000000001c00cbea      0x126 /home/gregmartin/ActiveProjects/pulp-freertos/kernel/timers.o
 .text.prvTimerTask
                0x000000001c00cd10       0x16 /home/gregmartin/ActiveProjects/pulp-freertos/kernel/timers.o
 .text.xPortStartScheduler
                0x000000001c00cd26       0x50 /home/gregmartin/ActiveProjects/pulp-freertos/kernel/portable/GCC/RISC-V/port.o
                0x000000001c00cd26                xPortStartScheduler
 .text.pvPortMalloc
                0x000000001c00cd76       0x2a /home/gregmartin/ActiveProjects/pulp-freertos/kernel/portable/MemMang/heap_3.o
                0x000000001c00cd76                pvPortMalloc
 .text.vPortFree
                0x000000001c00cda0       0x22 /home/gregmartin/ActiveProjects/pulp-freertos/kernel/portable/MemMang/heap_3.o
                0x000000001c00cda0                vPortFree
 .text.close    0x000000001c00cdc2        0x4 /home/gregmartin/ActiveProjects/pulp-freertos/common/libc/syscalls.o
                0x000000001c00cdc2                close
 .text._exit    0x000000001c00cdc6       0x16 /home/gregmartin/ActiveProjects/pulp-freertos/common/libc/syscalls.o
                0x000000001c00cdc6                _exit
 .text.fstat    0x000000001c00cddc        0x8 /home/gregmartin/ActiveProjects/pulp-freertos/common/libc/syscalls.o
                0x000000001c00cddc                fstat
 .text.getpid   0x000000001c00cde4        0x4 /home/gregmartin/ActiveProjects/pulp-freertos/common/libc/syscalls.o
                0x000000001c00cde4                getpid
 .text.isatty   0x000000001c00cde8        0x8 /home/gregmartin/ActiveProjects/pulp-freertos/common/libc/syscalls.o
                0x000000001c00cde8                isatty
 .text.kill     0x000000001c00cdf0        0xa /home/gregmartin/ActiveProjects/pulp-freertos/common/libc/syscalls.o
                0x000000001c00cdf0                kill
 .text.lseek    0x000000001c00cdfa        0x4 /home/gregmartin/ActiveProjects/pulp-freertos/common/libc/syscalls.o
                0x000000001c00cdfa                lseek
 .text.read     0x000000001c00cdfe        0x4 /home/gregmartin/ActiveProjects/pulp-freertos/common/libc/syscalls.o
                0x000000001c00cdfe                read
 .text.write    0x000000001c00ce02       0x50 /home/gregmartin/ActiveProjects/pulp-freertos/common/libc/syscalls.o
                0x000000001c00ce02                write
 .text.sbrk     0x000000001c00ce52       0x24 /home/gregmartin/ActiveProjects/pulp-freertos/common/libc/syscalls.o
                0x000000001c00ce52                sbrk
 .text.__malloc_lock
                0x000000001c00ce76        0xe /home/gregmartin/ActiveProjects/pulp-freertos/common/libc/syscalls.o
                0x000000001c00ce76                __malloc_lock
 .text.__malloc_unlock
                0x000000001c00ce84        0xe /home/gregmartin/ActiveProjects/pulp-freertos/common/libc/syscalls.o
                0x000000001c00ce84                __malloc_unlock
 .text.timer_irq_set_timeout
                0x000000001c00ce92       0x14 /home/gregmartin/ActiveProjects/pulp-freertos/common/metal/timer_irq.o
                0x000000001c00ce92                timer_irq_set_timeout
 .text.timer_irq_init
                0x000000001c00cea6       0x1c /home/gregmartin/ActiveProjects/pulp-freertos/common/metal/timer_irq.o
                0x000000001c00cea6                timer_irq_init
 .text.irq_enable
                0x000000001c00cec2        0xc /home/gregmartin/ActiveProjects/pulp-freertos/common/metal/irq.o
                0x000000001c00cec2                irq_enable
 .text.irq_disable
                0x000000001c00cece        0xc /home/gregmartin/ActiveProjects/pulp-freertos/common/metal/irq.o
                0x000000001c00cece                irq_disable
 .text.irq_clint_enable
                0x000000001c00ceda        0x6 /home/gregmartin/ActiveProjects/pulp-freertos/common/metal/irq.o
                0x000000001c00ceda                irq_clint_enable
 .text.pulp_irq_init
                0x000000001c00cee0       0x10 /home/gregmartin/ActiveProjects/pulp-freertos/common/metal/irq.o
                0x000000001c00cee0                pulp_irq_init
 .text.soc_eu_mask_set
                0x000000001c00cef0        0xa /home/gregmartin/ActiveProjects/pulp-freertos/common/metal/soc_eu.o
                0x000000001c00cef0                soc_eu_mask_set
 .text.pulp_soc_eu_event_init
                0x000000001c00cefa       0x24 /home/gregmartin/ActiveProjects/pulp-freertos/common/metal/soc_eu.o
                0x000000001c00cefa                pulp_soc_eu_event_init
 .text.timer_irq_handler
                0x000000001c00cf1e       0x16 /home/gregmartin/ActiveProjects/pulp-freertos/common/target/pulp/system_pulp_ri5cy.o
                0x000000001c00cf1e                timer_irq_handler
 .text.system_init
                0x000000001c00cf34       0x48 /home/gregmartin/ActiveProjects/pulp-freertos/common/target/pulp/system_pulp_ri5cy.o
                0x000000001c00cf34                system_init
 .text.system_core_clock_update
                0x000000001c00cf7c       0x14 /home/gregmartin/ActiveProjects/pulp-freertos/common/target/pulp/system_pulp_ri5cy.o
                0x000000001c00cf7c                system_core_clock_update
 .text.vPortSetupTimerInterrupt
                0x000000001c00cf90       0x1a /home/gregmartin/ActiveProjects/pulp-freertos/common/target/pulp/system_pulp_ri5cy.o
                0x000000001c00cf90                vPortSetupTimerInterrupt
 .text.vSystemIrqHandler
                0x000000001c00cfaa       0x18 /home/gregmartin/ActiveProjects/pulp-freertos/common/target/pulp/system_pulp_ri5cy.o
                0x000000001c00cfaa                vSystemIrqHandler
 .text.pi_l2_malloc
                0x000000001c00cfc2        0xe /home/gregmartin/ActiveProjects/pulp-freertos/common/pmsis/pmsis_implem_pulp/malloc/pulp_malloc.o
                0x000000001c00cfc2                pi_l2_malloc
 .text.pi_l2_free
                0x000000001c00cfd0        0xe /home/gregmartin/ActiveProjects/pulp-freertos/common/pmsis/pmsis_implem_pulp/malloc/pulp_malloc.o
                0x000000001c00cfd0                pi_l2_free
 .text.fll_get_frequency_from_mult_div
                0x000000001c00cfde       0x10 /home/gregmartin/ActiveProjects/pulp-freertos/common/pmsis/pmsis_implem_pulp/drivers/fll/fll.o
 .text.fll_get_mult_div_from_frequency
                0x000000001c00cfee       0x56 /home/gregmartin/ActiveProjects/pulp-freertos/common/pmsis/pmsis_implem_pulp/drivers/fll/fll.o
 .text.pi_fll_set_frequency
                0x000000001c00d044       0x6c /home/gregmartin/ActiveProjects/pulp-freertos/common/pmsis/pmsis_implem_pulp/drivers/fll/fll.o
                0x000000001c00d044                pi_fll_set_frequency
 .text.pi_fll_get_frequency
                0x000000001c00d0b0       0x3e /home/gregmartin/ActiveProjects/pulp-freertos/common/pmsis/pmsis_implem_pulp/drivers/fll/fll.o
                0x000000001c00d0b0                pi_fll_get_frequency
 .text.pi_fll_init
                0x000000001c00d0ee       0x98 /home/gregmartin/ActiveProjects/pulp-freertos/common/pmsis/pmsis_implem_pulp/drivers/fll/fll.o
                0x000000001c00d0ee                pi_fll_init
 .text.fc_event_null_event
                0x000000001c00d186        0x2 /home/gregmartin/ActiveProjects/pulp-freertos/common/pmsis/pmsis_implem_pulp/drivers/fc_event/fc_event.o
 .text.pi_fc_event_handler_set
                0x000000001c00d188        0xe /home/gregmartin/ActiveProjects/pulp-freertos/common/pmsis/pmsis_implem_pulp/drivers/fc_event/fc_event.o
                0x000000001c00d188                pi_fc_event_handler_set
 .text.pi_fc_event_handler_clear
                0x000000001c00d196       0x16 /home/gregmartin/ActiveProjects/pulp-freertos/common/pmsis/pmsis_implem_pulp/drivers/fc_event/fc_event.o
                0x000000001c00d196                pi_fc_event_handler_clear
 .text.pi_fc_event_handler_init
                0x000000001c00d1ac       0x38 /home/gregmartin/ActiveProjects/pulp-freertos/common/pmsis/pmsis_implem_pulp/drivers/fc_event/fc_event.o
                0x000000001c00d1ac                pi_fc_event_handler_init
 .text.pi_log_write
                0x000000001c00d1e4       0x2a /home/gregmartin/ActiveProjects/pulp-freertos/common/pmsis/pmsis_implem_pulp/drivers/udma/uart/uart.o
 .text.pi_uart_conf_init
                0x000000001c00d20e        0xc /home/gregmartin/ActiveProjects/pulp-freertos/common/pmsis/pmsis_implem_pulp/drivers/udma/uart/uart.o
                0x000000001c00d20e                pi_uart_conf_init
 .text.pi_uart_open
                0x000000001c00d21a       0x7e /home/gregmartin/ActiveProjects/pulp-freertos/common/pmsis/pmsis_implem_pulp/drivers/udma/uart/uart.o
                0x000000001c00d21a                pi_uart_open
 .text.pi_uart_close
                0x000000001c00d298       0x50 /home/gregmartin/ActiveProjects/pulp-freertos/common/pmsis/pmsis_implem_pulp/drivers/udma/uart/uart.o
                0x000000001c00d298                pi_uart_close
 .text.pi_uart_write_async
                0x000000001c00d2e8       0x62 /home/gregmartin/ActiveProjects/pulp-freertos/common/pmsis/pmsis_implem_pulp/drivers/udma/uart/uart.o
                0x000000001c00d2e8                pi_uart_write_async
 .text.pi_uart_write
                0x000000001c00d34a       0x4a /home/gregmartin/ActiveProjects/pulp-freertos/common/pmsis/pmsis_implem_pulp/drivers/udma/uart/uart.o
                0x000000001c00d34a                pi_uart_write
 .text.__pi_uart_handle_end_of_task
                0x000000001c00d394       0x20 /home/gregmartin/ActiveProjects/pulp-freertos/common/pmsis/pmsis_implem_pulp/drivers/udma/uart/uart_internal.o
 .text.pi_log_write
                0x000000001c00d3b4       0x2a /home/gregmartin/ActiveProjects/pulp-freertos/common/pmsis/pmsis_implem_pulp/drivers/udma/uart/uart_internal.o
 .text.__pi_uart_copy_exec
                0x000000001c00d3de       0xbe /home/gregmartin/ActiveProjects/pulp-freertos/common/pmsis/pmsis_implem_pulp/drivers/udma/uart/uart_internal.o
 .text.__pi_uart_handler
                0x000000001c00d49c      0x11e /home/gregmartin/ActiveProjects/pulp-freertos/common/pmsis/pmsis_implem_pulp/drivers/udma/uart/uart_internal.o
 .text.__pi_uart_rx_abort
                0x000000001c00d5ba       0xb4 /home/gregmartin/ActiveProjects/pulp-freertos/common/pmsis/pmsis_implem_pulp/drivers/udma/uart/uart_internal.o
 .text.__pi_uart_tx_abort
                0x000000001c00d66e       0xb4 /home/gregmartin/ActiveProjects/pulp-freertos/common/pmsis/pmsis_implem_pulp/drivers/udma/uart/uart_internal.o
 .text.__pi_uart_conf_init
                0x000000001c00d722       0x24 /home/gregmartin/ActiveProjects/pulp-freertos/common/pmsis/pmsis_implem_pulp/drivers/udma/uart/uart_internal.o
                0x000000001c00d722                __pi_uart_conf_init
 .text.__pi_uart_open
                0x000000001c00d746      0x382 /home/gregmartin/ActiveProjects/pulp-freertos/common/pmsis/pmsis_implem_pulp/drivers/udma/uart/uart_internal.o
                0x000000001c00d746                __pi_uart_open
 .text.__pi_uart_close
                0x000000001c00dac8       0xe6 /home/gregmartin/ActiveProjects/pulp-freertos/common/pmsis/pmsis_implem_pulp/drivers/udma/uart/uart_internal.o
                0x000000001c00dac8                __pi_uart_close
 .text.__pi_uart_copy
                0x000000001c00dbae       0xfa /home/gregmartin/ActiveProjects/pulp-freertos/common/pmsis/pmsis_implem_pulp/drivers/udma/uart/uart_internal.o
                0x000000001c00dbae                __pi_uart_copy
 .text.pmsis_event_push
                0x000000001c00dca8       0x64 /home/gregmartin/ActiveProjects/pulp-freertos/common/pmsis/pmsis_rtos/event_kernel/event_kernel.o
                0x000000001c00dca8                pmsis_event_push
 .text.pmsis_event_get_default_scheduler
                0x000000001c00dd0c       0x2e /home/gregmartin/ActiveProjects/pulp-freertos/common/pmsis/pmsis_rtos/event_kernel/event_kernel.o
                0x000000001c00dd0c                pmsis_event_get_default_scheduler
 .text.pi_open_from_conf
                0x000000001c00dd3a        0x4 /home/gregmartin/ActiveProjects/pulp-freertos/common/pmsis/pmsis_rtos/os/device.o
                0x000000001c00dd3a                pi_open_from_conf
 .text.__os_native_api_sem_give
                0x000000001c00dd3e       0x48 /home/gregmartin/ActiveProjects/pulp-freertos/common/pmsis/pmsis_rtos/os/pmsis_task.o
 .text.__os_native_api_sem_take
                0x000000001c00dd86       0x42 /home/gregmartin/ActiveProjects/pulp-freertos/common/pmsis/pmsis_rtos/os/pmsis_task.o
 .text.__pi_task_block
                0x000000001c00ddc8       0x5e /home/gregmartin/ActiveProjects/pulp-freertos/common/pmsis/pmsis_rtos/os/pmsis_task.o
                0x000000001c00ddc8                __pi_task_block
 .text.__pi_task_destroy
                0x000000001c00de26       0x36 /home/gregmartin/ActiveProjects/pulp-freertos/common/pmsis/pmsis_rtos/os/pmsis_task.o
                0x000000001c00de26                __pi_task_destroy
 .text.__pi_task_wait_on
                0x000000001c00de5c       0x46 /home/gregmartin/ActiveProjects/pulp-freertos/common/pmsis/pmsis_rtos/os/pmsis_task.o
                0x000000001c00de5c                __pi_task_wait_on
 .text.pi_cl_pi_task_notify_done
                0x000000001c00dea2       0x10 /home/gregmartin/ActiveProjects/pulp-freertos/common/pmsis/pmsis_rtos/os/pmsis_task.o
                0x000000001c00dea2                pi_cl_pi_task_notify_done
 .text.pi_task_release
                0x000000001c00deb2       0x8c /home/gregmartin/ActiveProjects/pulp-freertos/common/pmsis/pmsis_rtos/os/pmsis_task.o
                0x000000001c00deb2                pi_task_release
 .text.pi_task_push_delayed_us
                0x000000001c00df3e       0x2a /home/gregmartin/ActiveProjects/pulp-freertos/common/pmsis/pmsis_rtos/os/pmsis_task.o
                0x000000001c00df3e                pi_task_push_delayed_us
 .text.__pi_task_push
                0x000000001c00df68       0x10 /home/gregmartin/ActiveProjects/pulp-freertos/common/pmsis/pmsis_rtos/os/pmsis_task.o
                0x000000001c00df68                __pi_task_push
 .text.pi_log_default_vprintf
                0x000000001c00df78        0xe /home/gregmartin/ActiveProjects/pulp-freertos/common/pmsis/pmsis_rtos/pi_log.o
 .text.__os_native_kickoff
                0x000000001c00df86       0x74 /home/gregmartin/ActiveProjects/pulp-freertos/common/pmsis/backend/pmsis_backend_native_task_api.o
                0x000000001c00df86                __os_native_kickoff
 .text.pi_time_wait_us
                0x000000001c00dffa       0x30 /home/gregmartin/ActiveProjects/pulp-freertos/common/pmsis/backend/pmsis_backend_native_task_api.o
                0x000000001c00dffa                pi_time_wait_us
 .text.write_uart
                0x000000001c00e02a       0x8c uart_test.o
                0x000000001c00e02a                write_uart
 .text.main     0x000000001c00e0b6       0x26 uart_test.o
                0x000000001c00e0b6                main
 .text.vApplicationMallocFailedHook
                0x000000001c00e0dc       0x18 uart_test.o
                0x000000001c00e0dc                vApplicationMallocFailedHook
 .text.vApplicationStackOverflowHook
                0x000000001c00e0f4       0x18 uart_test.o
                0x000000001c00e0f4                vApplicationStackOverflowHook
                0x000000001c00e10c                _etext = .
 *(.lit)
 *(.shdata)
                0x000000001c00e10c                _endtext = .
                0x000000001c00e10c                . = ALIGN (0x4)
 *fill*         0x000000001c00e10c        0x0 

.fini
 *(.fini)
                0x000000001c00e10c                __l2_priv0_end = ALIGN (0x4)

.rodata         0x000000001c00e10c     0x1ad4
 *(.rodata .rodata.* .gnu.linkonce.r.*)
 .rodata.__func__.2830
                0x000000001c00e10c       0x13 /home/gregmartin/ActiveProjects/pulp-freertos/kernel/queue.o
 *fill*         0x000000001c00e11f        0x1 
 .rodata.__func__.2839
                0x000000001c00e120       0x14 /home/gregmartin/ActiveProjects/pulp-freertos/kernel/queue.o
 .rodata.__func__.2884
                0x000000001c00e134       0x1e /home/gregmartin/ActiveProjects/pulp-freertos/kernel/queue.o
 *fill*         0x000000001c00e152        0x2 
 .rodata.__func__.2895
                0x000000001c00e154       0x12 /home/gregmartin/ActiveProjects/pulp-freertos/kernel/queue.o
 *fill*         0x000000001c00e166        0x2 
 .rodata.__func__.2906
                0x000000001c00e168       0x19 /home/gregmartin/ActiveProjects/pulp-freertos/kernel/queue.o
 *fill*         0x000000001c00e181        0x3 
 .rodata.__func__.2916
                0x000000001c00e184       0x12 /home/gregmartin/ActiveProjects/pulp-freertos/kernel/queue.o
 *fill*         0x000000001c00e196        0x2 
 .rodata.__func__.2927
                0x000000001c00e198        0xe /home/gregmartin/ActiveProjects/pulp-freertos/kernel/queue.o
 *fill*         0x000000001c00e1a6        0x2 
 .rodata.__func__.2938
                0x000000001c00e1a8       0x14 /home/gregmartin/ActiveProjects/pulp-freertos/kernel/queue.o
 .rodata.__func__.2962
                0x000000001c00e1bc       0x15 /home/gregmartin/ActiveProjects/pulp-freertos/kernel/queue.o
 *fill*         0x000000001c00e1d1        0x3 
 .rodata.__func__.2995
                0x000000001c00e1d4        0xd /home/gregmartin/ActiveProjects/pulp-freertos/kernel/queue.o
 *fill*         0x000000001c00e1e1        0x3 
 .rodata.xQueueCreateCountingSemaphore.str1.4
                0x000000001c00e1e4       0x2d /home/gregmartin/ActiveProjects/pulp-freertos/kernel/queue.o
 *fill*         0x000000001c00e211        0x3 
 .rodata.xQueueGenericCreate.str1.4
                0x000000001c00e214       0x22 /home/gregmartin/ActiveProjects/pulp-freertos/kernel/queue.o
 *fill*         0x000000001c00e236        0x2 
 .rodata.xQueueGenericReset.str1.4
                0x000000001c00e238       0x45 /home/gregmartin/ActiveProjects/pulp-freertos/kernel/queue.o
 *fill*         0x000000001c00e27d        0x3 
 .rodata.xQueueGenericSend.str1.4
                0x000000001c00e280       0xfb /home/gregmartin/ActiveProjects/pulp-freertos/kernel/queue.o
 *fill*         0x000000001c00e37b        0x1 
 .rodata.xQueueGiveFromISR.str1.4
                0x000000001c00e37c       0x7d /home/gregmartin/ActiveProjects/pulp-freertos/kernel/queue.o
 *fill*         0x000000001c00e3f9        0x3 
 .rodata.xQueueReceive.str1.4
                0x000000001c00e3fc       0x66 /home/gregmartin/ActiveProjects/pulp-freertos/kernel/queue.o
 *fill*         0x000000001c00e462        0x2 
 .rodata.xQueueReceiveFromISR.str1.4
                0x000000001c00e464       0x52 /home/gregmartin/ActiveProjects/pulp-freertos/kernel/queue.o
 *fill*         0x000000001c00e4b6        0x2 
 .rodata.xQueueSemaphoreTake.str1.4
                0x000000001c00e4b8       0x2d /home/gregmartin/ActiveProjects/pulp-freertos/kernel/queue.o
 *fill*         0x000000001c00e4e5        0x3 
 .rodata.__func__.2829
                0x000000001c00e4e8        0xb /home/gregmartin/ActiveProjects/pulp-freertos/kernel/tasks.o
 *fill*         0x000000001c00e4f3        0x1 
 .rodata.__func__.2886
                0x000000001c00e4f4       0x14 /home/gregmartin/ActiveProjects/pulp-freertos/kernel/tasks.o
 .rodata.__func__.2898
                0x000000001c00e508        0xf /home/gregmartin/ActiveProjects/pulp-freertos/kernel/tasks.o
 *fill*         0x000000001c00e517        0x1 
 .rodata.__func__.2975
                0x000000001c00e518       0x13 /home/gregmartin/ActiveProjects/pulp-freertos/kernel/tasks.o
 *fill*         0x000000001c00e52b        0x1 
 .rodata.__func__.2984
                0x000000001c00e52c       0x13 /home/gregmartin/ActiveProjects/pulp-freertos/kernel/tasks.o
 *fill*         0x000000001c00e53f        0x1 
 .rodata.__func__.2990
                0x000000001c00e540       0x16 /home/gregmartin/ActiveProjects/pulp-freertos/kernel/tasks.o
 *fill*         0x000000001c00e556        0x2 
 .rodata.__func__.3002
                0x000000001c00e558       0x20 /home/gregmartin/ActiveProjects/pulp-freertos/kernel/tasks.o
 .rodata.__func__.3008
                0x000000001c00e578       0x19 /home/gregmartin/ActiveProjects/pulp-freertos/kernel/tasks.o
 *fill*         0x000000001c00e591        0x3 
 .rodata.__func__.3027
                0x000000001c00e594       0x15 /home/gregmartin/ActiveProjects/pulp-freertos/kernel/tasks.o
 *fill*         0x000000001c00e5a9        0x3 
 .rodata.__func__.3112
                0x000000001c00e5ac       0x18 /home/gregmartin/ActiveProjects/pulp-freertos/kernel/tasks.o
 .rodata.__func__.3121
                0x000000001c00e5c4       0x24 /home/gregmartin/ActiveProjects/pulp-freertos/kernel/tasks.o
 .rodata.prvTaskIsTaskSuspended.str1.4
                0x000000001c00e5e8       0x45 /home/gregmartin/ActiveProjects/pulp-freertos/kernel/tasks.o
 *fill*         0x000000001c00e62d        0x3 
 .rodata.vTaskDelete.str1.4
                0x000000001c00e630       0x1a /home/gregmartin/ActiveProjects/pulp-freertos/kernel/tasks.o
 *fill*         0x000000001c00e64a        0x2 
 .rodata.vTaskPlaceOnEventList.str1.4
                0x000000001c00e64c        0xc /home/gregmartin/ActiveProjects/pulp-freertos/kernel/tasks.o
 .rodata.vTaskPriorityDisinheritAfterTimeout.str1.4
                0x000000001c00e658       0x16 /home/gregmartin/ActiveProjects/pulp-freertos/kernel/tasks.o
 *fill*         0x000000001c00e66e        0x2 
 .rodata.vTaskSetTimeOutState.str1.4
                0x000000001c00e670        0xa /home/gregmartin/ActiveProjects/pulp-freertos/kernel/tasks.o
 *fill*         0x000000001c00e67a        0x2 
 .rodata.vTaskStartScheduler.str1.4
                0x000000001c00e67c       0x1a /home/gregmartin/ActiveProjects/pulp-freertos/kernel/tasks.o
 *fill*         0x000000001c00e696        0x2 
 .rodata.vTaskSwitchContext.str1.4
                0x000000001c00e698       0x45 /home/gregmartin/ActiveProjects/pulp-freertos/kernel/tasks.o
 *fill*         0x000000001c00e6dd        0x3 
 .rodata.xTaskCheckForTimeOut.str1.4
                0x000000001c00e6e0        0xe /home/gregmartin/ActiveProjects/pulp-freertos/kernel/tasks.o
 *fill*         0x000000001c00e6ee        0x2 
 .rodata.xTaskIncrementTick.str1.4
                0x000000001c00e6f0       0x76 /home/gregmartin/ActiveProjects/pulp-freertos/kernel/tasks.o
 *fill*         0x000000001c00e766        0x2 
 .rodata.xTaskPriorityDisinherit.str1.4
                0x000000001c00e768       0x2d /home/gregmartin/ActiveProjects/pulp-freertos/kernel/tasks.o
 *fill*         0x000000001c00e795        0x3 
 .rodata.xTaskRemoveFromEventList.str1.4
                0x000000001c00e798        0xf /home/gregmartin/ActiveProjects/pulp-freertos/kernel/tasks.o
 *fill*         0x000000001c00e7a7        0x1 
 .rodata.xTaskResumeAll.str1.4
                0x000000001c00e7a8       0x15 /home/gregmartin/ActiveProjects/pulp-freertos/kernel/tasks.o
 *fill*         0x000000001c00e7bd        0x3 
 .rodata.prvProcessReceivedCommands
                0x000000001c00e7c0       0x28 /home/gregmartin/ActiveProjects/pulp-freertos/kernel/timers.o
 .rodata.__func__.2708
                0x000000001c00e7e8       0x16 /home/gregmartin/ActiveProjects/pulp-freertos/kernel/timers.o
 *fill*         0x000000001c00e7fe        0x2 
 .rodata.__func__.2735
                0x000000001c00e800       0x15 /home/gregmartin/ActiveProjects/pulp-freertos/kernel/timers.o
 *fill*         0x000000001c00e815        0x3 
 .rodata.__func__.2774
                0x000000001c00e818       0x17 /home/gregmartin/ActiveProjects/pulp-freertos/kernel/timers.o
 *fill*         0x000000001c00e82f        0x1 
 .rodata.__func__.2812
                0x000000001c00e830       0x1b /home/gregmartin/ActiveProjects/pulp-freertos/kernel/timers.o
 *fill*         0x000000001c00e84b        0x1 
 .rodata.__func__.2836
                0x000000001c00e84c       0x14 /home/gregmartin/ActiveProjects/pulp-freertos/kernel/timers.o
 .rodata.prvCheckForValidListAndQueue.str1.4
                0x000000001c00e860        0x5 /home/gregmartin/ActiveProjects/pulp-freertos/kernel/timers.o
 *fill*         0x000000001c00e865        0x3 
 .rodata.prvInitialiseNewTimer.str1.4
                0x000000001c00e868       0x5a /home/gregmartin/ActiveProjects/pulp-freertos/kernel/timers.o
 *fill*         0x000000001c00e8c2        0x2 
 .rodata.prvProcessReceivedCommands.str1.4
                0x000000001c00e8c4       0x25 /home/gregmartin/ActiveProjects/pulp-freertos/kernel/timers.o
 *fill*         0x000000001c00e8e9        0x3 
 .rodata.prvSwitchTimerLists.str1.4
                0x000000001c00e8ec        0x8 /home/gregmartin/ActiveProjects/pulp-freertos/kernel/timers.o
 .rodata.xTimerCreateTimerTask.str1.4
                0x000000001c00e8f4       0x10 /home/gregmartin/ActiveProjects/pulp-freertos/kernel/timers.o
 .rodata.xTimerGenericCommand.str1.4
                0x000000001c00e904        0x7 /home/gregmartin/ActiveProjects/pulp-freertos/kernel/timers.o
 *fill*         0x000000001c00e90b        0x1 
 .rodata.__func__.2254
                0x000000001c00e90c       0x14 /home/gregmartin/ActiveProjects/pulp-freertos/kernel/portable/GCC/RISC-V/port.o
 .rodata.xPortStartScheduler.str1.4
                0x000000001c00e920       0x74 /home/gregmartin/ActiveProjects/pulp-freertos/kernel/portable/GCC/RISC-V/port.o
 .rodata.__func__.8673
                0x000000001c00e994        0xd /home/gregmartin/ActiveProjects/pulp-freertos/common/pmsis/pmsis_implem_pulp/drivers/udma/uart/uart.o
 *fill*         0x000000001c00e9a1        0x3 
 .rodata.__func__.8678
                0x000000001c00e9a4        0xe /home/gregmartin/ActiveProjects/pulp-freertos/common/pmsis/pmsis_implem_pulp/drivers/udma/uart/uart.o
 *fill*         0x000000001c00e9b2        0x2 
 .rodata.__func__.8712
                0x000000001c00e9b4       0x14 /home/gregmartin/ActiveProjects/pulp-freertos/common/pmsis/pmsis_implem_pulp/drivers/udma/uart/uart.o
 .rodata.pi_uart_close.str1.4
                0x000000001c00e9c8       0x29 /home/gregmartin/ActiveProjects/pulp-freertos/common/pmsis/pmsis_implem_pulp/drivers/udma/uart/uart.o
 *fill*         0x000000001c00e9f1        0x3 
 .rodata.pi_uart_open.str1.4
                0x000000001c00e9f4       0x54 /home/gregmartin/ActiveProjects/pulp-freertos/common/pmsis/pmsis_implem_pulp/drivers/udma/uart/uart.o
 .rodata.pi_uart_write_async.str1.4
                0x000000001c00ea48       0x3b /home/gregmartin/ActiveProjects/pulp-freertos/common/pmsis/pmsis_implem_pulp/drivers/udma/uart/uart.o
 *fill*         0x000000001c00ea83        0x1 
 .rodata.__func__.8699
                0x000000001c00ea84       0x12 /home/gregmartin/ActiveProjects/pulp-freertos/common/pmsis/pmsis_implem_pulp/drivers/udma/uart/uart_internal.o
 *fill*         0x000000001c00ea96        0x2 
 .rodata.__func__.8720
                0x000000001c00ea98       0x13 /home/gregmartin/ActiveProjects/pulp-freertos/common/pmsis/pmsis_implem_pulp/drivers/udma/uart/uart_internal.o
 *fill*         0x000000001c00eaab        0x1 
 .rodata.__func__.8725
                0x000000001c00eaac       0x13 /home/gregmartin/ActiveProjects/pulp-freertos/common/pmsis/pmsis_implem_pulp/drivers/udma/uart/uart_internal.o
 *fill*         0x000000001c00eabf        0x1 
 .rodata.__func__.8737
                0x000000001c00eac0       0x13 /home/gregmartin/ActiveProjects/pulp-freertos/common/pmsis/pmsis_implem_pulp/drivers/udma/uart/uart_internal.o
 *fill*         0x000000001c00ead3        0x1 
 .rodata.__func__.8752
                0x000000001c00ead4       0x14 /home/gregmartin/ActiveProjects/pulp-freertos/common/pmsis/pmsis_implem_pulp/drivers/udma/uart/uart_internal.o
 .rodata.__func__.8761
                0x000000001c00eae8        0xf /home/gregmartin/ActiveProjects/pulp-freertos/common/pmsis/pmsis_implem_pulp/drivers/udma/uart/uart_internal.o
 *fill*         0x000000001c00eaf7        0x1 
 .rodata.__func__.8793
                0x000000001c00eaf8        0xf /home/gregmartin/ActiveProjects/pulp-freertos/common/pmsis/pmsis_implem_pulp/drivers/udma/uart/uart_internal.o
 *fill*         0x000000001c00eb07        0x1 
 .rodata.__pi_uart_copy.str1.4
                0x000000001c00eb08       0x41 /home/gregmartin/ActiveProjects/pulp-freertos/common/pmsis/pmsis_implem_pulp/drivers/udma/uart/uart_internal.o
 *fill*         0x000000001c00eb49        0x3 
 .rodata.__pi_uart_copy_exec.str1.4
                0x000000001c00eb4c       0x51 /home/gregmartin/ActiveProjects/pulp-freertos/common/pmsis/pmsis_implem_pulp/drivers/udma/uart/uart_internal.o
 *fill*         0x000000001c00eb9d        0x3 
 .rodata.__pi_uart_handler.str1.4
                0x000000001c00eba0       0xf5 /home/gregmartin/ActiveProjects/pulp-freertos/common/pmsis/pmsis_implem_pulp/drivers/udma/uart/uart_internal.o
 *fill*         0x000000001c00ec95        0x3 
 .rodata.__pi_uart_open.str1.4
                0x000000001c00ec98      0x21f /home/gregmartin/ActiveProjects/pulp-freertos/common/pmsis/pmsis_implem_pulp/drivers/udma/uart/uart_internal.o
 *fill*         0x000000001c00eeb7        0x1 
 .rodata.__pi_uart_rx_abort.str1.4
                0x000000001c00eeb8       0x7c /home/gregmartin/ActiveProjects/pulp-freertos/common/pmsis/pmsis_implem_pulp/drivers/udma/uart/uart_internal.o
 .rodata.__pi_uart_tx_abort.str1.4
                0x000000001c00ef34       0x7c /home/gregmartin/ActiveProjects/pulp-freertos/common/pmsis/pmsis_implem_pulp/drivers/udma/uart/uart_internal.o
 .rodata.__func__.8731
                0x000000001c00efb0       0x11 /home/gregmartin/ActiveProjects/pulp-freertos/common/pmsis/pmsis_rtos/event_kernel/event_kernel.o
 *fill*         0x000000001c00efc1        0x3 
 .rodata.__func__.8766
                0x000000001c00efc4       0x22 /home/gregmartin/ActiveProjects/pulp-freertos/common/pmsis/pmsis_rtos/event_kernel/event_kernel.o
 *fill*         0x000000001c00efe6        0x2 
 .rodata.pmsis_event_get_default_scheduler.str1.4
                0x000000001c00efe8       0x18 /home/gregmartin/ActiveProjects/pulp-freertos/common/pmsis/pmsis_rtos/event_kernel/event_kernel.o
 .rodata.pmsis_event_push.str1.4
                0x000000001c00f000        0x7 /home/gregmartin/ActiveProjects/pulp-freertos/common/pmsis/pmsis_rtos/event_kernel/event_kernel.o
 *fill*         0x000000001c00f007        0x1 
 .rodata.__func__.8680
                0x000000001c00f008       0x12 /home/gregmartin/ActiveProjects/pulp-freertos/common/pmsis/pmsis_rtos/os/pmsis_task.o
 *fill*         0x000000001c00f01a        0x2 
 .rodata.__func__.8699
                0x000000001c00f01c       0x10 /home/gregmartin/ActiveProjects/pulp-freertos/common/pmsis/pmsis_rtos/os/pmsis_task.o
 .rodata.__pi_task_block.str1.4
                0x000000001c00f02c        0xc /home/gregmartin/ActiveProjects/pulp-freertos/common/pmsis/pmsis_rtos/os/pmsis_task.o
 .rodata.__pi_task_wait_on.str1.4
                0x000000001c00f038       0x17 /home/gregmartin/ActiveProjects/pulp-freertos/common/pmsis/pmsis_rtos/os/pmsis_task.o
 *fill*         0x000000001c00f04f        0x1 
 .rodata.pi_task_release.str1.4
                0x000000001c00f050       0x2a /home/gregmartin/ActiveProjects/pulp-freertos/common/pmsis/pmsis_rtos/os/pmsis_task.o
 *fill*         0x000000001c00f07a        0x2 
 .rodata.__os_native_kickoff.str1.4
                0x000000001c00f07c       0x5f /home/gregmartin/ActiveProjects/pulp-freertos/common/pmsis/backend/pmsis_backend_native_task_api.o
 *fill*         0x000000001c00f0db        0x1 
 .rodata.main.str1.4
                0x000000001c00f0dc       0x23 uart_test.o
 *fill*         0x000000001c00f0ff        0x1 
 .rodata.vApplicationMallocFailedHook.str1.4
                0x000000001c00f100       0x21 uart_test.o
 *fill*         0x000000001c00f121        0x3 
 .rodata.vApplicationStackOverflowHook.str1.4
                0x000000001c00f124       0x16 uart_test.o
 *fill*         0x000000001c00f13a        0x2 
 .rodata.write_uart.str1.4
                0x000000001c00f13c       0x48 uart_test.o
 .rodata        0x000000001c00f184      0x100 /opt/pulp-gcc-ubuntu1804-20200913/bin/../lib/gcc/riscv32-unknown-elf/7.1.1/libgcc.a(_clz.o)
                0x000000001c00f184                __clz_tab
 .rodata.str1.4
                0x000000001c00f284       0x3f /opt/pulp-gcc-ubuntu1804-20200913/bin/../lib/gcc/riscv32-unknown-elf/7.1.1/../../../../riscv32-unknown-elf/lib/libc.a(lib_a-assert.o)
                                         0x43 (size before relaxing)
 .rodata.str1.4
                0x000000001c00f2c3       0x3f /opt/pulp-gcc-ubuntu1804-20200913/bin/../lib/gcc/riscv32-unknown-elf/7.1.1/../../../../riscv32-unknown-elf/lib/libc.a(lib_a-puts.o)
                                          0x2 (size before relaxing)
 *fill*         0x000000001c00f2c3        0x1 
 .rodata        0x000000001c00f2c4      0x184 /opt/pulp-gcc-ubuntu1804-20200913/bin/../lib/gcc/riscv32-unknown-elf/7.1.1/../../../../riscv32-unknown-elf/lib/libc.a(lib_a-svfprintf.o)
 .rodata.str1.4
                0x000000001c00f448       0x3f /opt/pulp-gcc-ubuntu1804-20200913/bin/../lib/gcc/riscv32-unknown-elf/7.1.1/../../../../riscv32-unknown-elf/lib/libc.a(lib_a-svfprintf.o)
                                         0x42 (size before relaxing)
 *fill*         0x000000001c00f487        0x1 
 .rodata        0x000000001c00f488      0x184 /opt/pulp-gcc-ubuntu1804-20200913/bin/../lib/gcc/riscv32-unknown-elf/7.1.1/../../../../riscv32-unknown-elf/lib/libc.a(lib_a-vfiprintf.o)
 .rodata.str1.4
                0x000000001c00f60c       0x2f /opt/pulp-gcc-ubuntu1804-20200913/bin/../lib/gcc/riscv32-unknown-elf/7.1.1/../../../../riscv32-unknown-elf/lib/libc.a(lib_a-vfiprintf.o)
 .rodata        0x000000001c00f60c      0x184 /opt/pulp-gcc-ubuntu1804-20200913/bin/../lib/gcc/riscv32-unknown-elf/7.1.1/../../../../riscv32-unknown-elf/lib/libc.a(lib_a-vfprintf.o)
 .rodata.str1.4
                0x000000001c00f790       0x42 /opt/pulp-gcc-ubuntu1804-20200913/bin/../lib/gcc/riscv32-unknown-elf/7.1.1/../../../../riscv32-unknown-elf/lib/libc.a(lib_a-vfprintf.o)
 .rodata.str1.4
                0x000000001c00f790       0x10 /opt/pulp-gcc-ubuntu1804-20200913/bin/../lib/gcc/riscv32-unknown-elf/7.1.1/../../../../riscv32-unknown-elf/lib/libc.a(lib_a-dtoa.o)
                                         0x12 (size before relaxing)
 .rodata.str1.4
                0x000000001c00f7a0       0x10 /opt/pulp-gcc-ubuntu1804-20200913/bin/../lib/gcc/riscv32-unknown-elf/7.1.1/../../../../riscv32-unknown-elf/lib/libc.a(lib_a-locale.o)
                                         0x12 (size before relaxing)
 *fill*         0x000000001c00f7b0        0x0 
 .rodata        0x000000001c00f7b0      0x128 /opt/pulp-gcc-ubuntu1804-20200913/bin/../lib/gcc/riscv32-unknown-elf/7.1.1/../../../../riscv32-unknown-elf/lib/libc.a(lib_a-mprec.o)
                0x000000001c00f7c0                __mprec_tens
                0x000000001c00f888                __mprec_tinytens
                0x000000001c00f8b0                __mprec_bigtens
 .rodata        0x000000001c00f8d8      0x184 /opt/pulp-gcc-ubuntu1804-20200913/bin/../lib/gcc/riscv32-unknown-elf/7.1.1/../../../../riscv32-unknown-elf/lib/libc.a(lib_a-svfiprintf.o)
 .rodata.str1.4
                0x000000001c00fa5c       0x2f /opt/pulp-gcc-ubuntu1804-20200913/bin/../lib/gcc/riscv32-unknown-elf/7.1.1/../../../../riscv32-unknown-elf/lib/libc.a(lib_a-svfiprintf.o)
 .rodata        0x000000001c00fa5c      0x101 /opt/pulp-gcc-ubuntu1804-20200913/bin/../lib/gcc/riscv32-unknown-elf/7.1.1/../../../../riscv32-unknown-elf/lib/libc.a(lib_a-ctype_.o)
                0x000000001c00fa5c                _ctype_
 *fill*         0x000000001c00fb5d        0x3 
 .rodata        0x000000001c00fb60       0x40 /opt/pulp-gcc-ubuntu1804-20200913/bin/../lib/gcc/riscv32-unknown-elf/7.1.1/libgcc.a(divdf3.o)
 .rodata        0x000000001c00fba0       0x40 /opt/pulp-gcc-ubuntu1804-20200913/bin/../lib/gcc/riscv32-unknown-elf/7.1.1/libgcc.a(muldf3.o)

.srodata.cst8   0x000000001c00fbe0       0x50
 .srodata.cst8  0x000000001c00fbe0        0x8 /opt/pulp-gcc-ubuntu1804-20200913/bin/../lib/gcc/riscv32-unknown-elf/7.1.1/../../../../riscv32-unknown-elf/lib/libc.a(lib_a-svfprintf.o)
 .srodata.cst8  0x000000001c00fbe8        0x8 /opt/pulp-gcc-ubuntu1804-20200913/bin/../lib/gcc/riscv32-unknown-elf/7.1.1/../../../../riscv32-unknown-elf/lib/libc.a(lib_a-vfprintf.o)
 .srodata.cst8  0x000000001c00fbe8       0x48 /opt/pulp-gcc-ubuntu1804-20200913/bin/../lib/gcc/riscv32-unknown-elf/7.1.1/../../../../riscv32-unknown-elf/lib/libc.a(lib_a-dtoa.o)
 .srodata.cst8  0x000000001c00fc30       0x10 /opt/pulp-gcc-ubuntu1804-20200913/bin/../lib/gcc/riscv32-unknown-elf/7.1.1/../../../../riscv32-unknown-elf/lib/libc.a(lib_a-mprec.o)

.rela.dyn       0x000000001c00fc30        0x0
 .rela.text.xEventGroupCreate
                0x000000001c00fc30        0x0 /home/gregmartin/ActiveProjects/pulp-freertos/kernel/event_groups.o
 .rela.text.xEventGroupWaitBits
                0x000000001c00fc30        0x0 /home/gregmartin/ActiveProjects/pulp-freertos/kernel/event_groups.o
 .rela.text.xEventGroupClearBits
                0x000000001c00fc30        0x0 /home/gregmartin/ActiveProjects/pulp-freertos/kernel/event_groups.o
 .rela.text.xEventGroupClearBitsFromISR
                0x000000001c00fc30        0x0 /home/gregmartin/ActiveProjects/pulp-freertos/kernel/event_groups.o
 .rela.text.xEventGroupSetBits
                0x000000001c00fc30        0x0 /home/gregmartin/ActiveProjects/pulp-freertos/kernel/event_groups.o
 .rela.text.xEventGroupSync
                0x000000001c00fc30        0x0 /home/gregmartin/ActiveProjects/pulp-freertos/kernel/event_groups.o
 .rela.text.vEventGroupDelete
                0x000000001c00fc30        0x0 /home/gregmartin/ActiveProjects/pulp-freertos/kernel/event_groups.o
 .rela.text.xEventGroupSetBitsFromISR
                0x000000001c00fc30        0x0 /home/gregmartin/ActiveProjects/pulp-freertos/kernel/event_groups.o
 .rela.text.prvIsQueueFull
                0x000000001c00fc30        0x0 /home/gregmartin/ActiveProjects/pulp-freertos/kernel/event_groups.o
 .rela.text.prvIsQueueEmpty
                0x000000001c00fc30        0x0 /home/gregmartin/ActiveProjects/pulp-freertos/kernel/event_groups.o
 .rela.text.prvCopyDataToQueue
                0x000000001c00fc30        0x0 /home/gregmartin/ActiveProjects/pulp-freertos/kernel/event_groups.o
 .rela.text.prvCopyDataFromQueue
                0x000000001c00fc30        0x0 /home/gregmartin/ActiveProjects/pulp-freertos/kernel/event_groups.o
 .rela.text.prvUnlockQueue
                0x000000001c00fc30        0x0 /home/gregmartin/ActiveProjects/pulp-freertos/kernel/event_groups.o
 .rela.text.xQueueGenericReset
                0x000000001c00fc30        0x0 /home/gregmartin/ActiveProjects/pulp-freertos/kernel/event_groups.o
 .rela.text.xQueueGenericCreate
                0x000000001c00fc30        0x0 /home/gregmartin/ActiveProjects/pulp-freertos/kernel/event_groups.o
 .rela.text.xQueueGetMutexHolder
                0x000000001c00fc30        0x0 /home/gregmartin/ActiveProjects/pulp-freertos/kernel/event_groups.o
 .rela.text.xQueueGetMutexHolderFromISR
                0x000000001c00fc30        0x0 /home/gregmartin/ActiveProjects/pulp-freertos/kernel/event_groups.o
 .rela.text.xQueueCreateCountingSemaphore
                0x000000001c00fc30        0x0 /home/gregmartin/ActiveProjects/pulp-freertos/kernel/event_groups.o
 .rela.text.xQueueGenericSend
                0x000000001c00fc30        0x0 /home/gregmartin/ActiveProjects/pulp-freertos/kernel/event_groups.o
 .rela.text.xQueueGiveMutexRecursive
                0x000000001c00fc30        0x0 /home/gregmartin/ActiveProjects/pulp-freertos/kernel/event_groups.o
 .rela.text.xQueueGenericSendFromISR
                0x000000001c00fc30        0x0 /home/gregmartin/ActiveProjects/pulp-freertos/kernel/event_groups.o
 .rela.text.xQueueGiveFromISR
                0x000000001c00fc30        0x0 /home/gregmartin/ActiveProjects/pulp-freertos/kernel/event_groups.o
 .rela.text.xQueueReceive
                0x000000001c00fc30        0x0 /home/gregmartin/ActiveProjects/pulp-freertos/kernel/event_groups.o
 .rela.text.xQueueSemaphoreTake
                0x000000001c00fc30        0x0 /home/gregmartin/ActiveProjects/pulp-freertos/kernel/event_groups.o
 .rela.text.xQueueTakeMutexRecursive
                0x000000001c00fc30        0x0 /home/gregmartin/ActiveProjects/pulp-freertos/kernel/event_groups.o
 .rela.text.xQueuePeek
                0x000000001c00fc30        0x0 /home/gregmartin/ActiveProjects/pulp-freertos/kernel/event_groups.o
 .rela.text.xQueueReceiveFromISR
                0x000000001c00fc30        0x0 /home/gregmartin/ActiveProjects/pulp-freertos/kernel/event_groups.o
 .rela.text.xQueuePeekFromISR
                0x000000001c00fc30        0x0 /home/gregmartin/ActiveProjects/pulp-freertos/kernel/event_groups.o
 .rela.text.uxQueueMessagesWaiting
                0x000000001c00fc30        0x0 /home/gregmartin/ActiveProjects/pulp-freertos/kernel/event_groups.o
 .rela.text.uxQueueSpacesAvailable
                0x000000001c00fc30        0x0 /home/gregmartin/ActiveProjects/pulp-freertos/kernel/event_groups.o
 .rela.text.uxQueueMessagesWaitingFromISR
                0x000000001c00fc30        0x0 /home/gregmartin/ActiveProjects/pulp-freertos/kernel/event_groups.o
 .rela.text.xQueueIsQueueEmptyFromISR
                0x000000001c00fc30        0x0 /home/gregmartin/ActiveProjects/pulp-freertos/kernel/event_groups.o
 .rela.text.xQueueIsQueueFullFromISR
                0x000000001c00fc30        0x0 /home/gregmartin/ActiveProjects/pulp-freertos/kernel/event_groups.o
 .rela.text.vQueueAddToRegistry
                0x000000001c00fc30        0x0 /home/gregmartin/ActiveProjects/pulp-freertos/kernel/event_groups.o
 .rela.text.pcQueueGetName
                0x000000001c00fc30        0x0 /home/gregmartin/ActiveProjects/pulp-freertos/kernel/event_groups.o
 .rela.text.vQueueUnregisterQueue
                0x000000001c00fc30        0x0 /home/gregmartin/ActiveProjects/pulp-freertos/kernel/event_groups.o
 .rela.text.vQueueDelete
                0x000000001c00fc30        0x0 /home/gregmartin/ActiveProjects/pulp-freertos/kernel/event_groups.o
 .rela.text.vQueueWaitForMessageRestricted
                0x000000001c00fc30        0x0 /home/gregmartin/ActiveProjects/pulp-freertos/kernel/event_groups.o
 .rela.text.prvInitialiseNewStreamBuffer
                0x000000001c00fc30        0x0 /home/gregmartin/ActiveProjects/pulp-freertos/kernel/event_groups.o
 .rela.text.prvWriteBytesToBuffer
                0x000000001c00fc30        0x0 /home/gregmartin/ActiveProjects/pulp-freertos/kernel/event_groups.o
 .rela.text.prvReadBytesFromBuffer
                0x000000001c00fc30        0x0 /home/gregmartin/ActiveProjects/pulp-freertos/kernel/event_groups.o
 .rela.text.xStreamBufferGenericCreate
                0x000000001c00fc30        0x0 /home/gregmartin/ActiveProjects/pulp-freertos/kernel/event_groups.o
 .rela.text.vStreamBufferDelete
                0x000000001c00fc30        0x0 /home/gregmartin/ActiveProjects/pulp-freertos/kernel/event_groups.o
 .rela.text.xStreamBufferReset
                0x000000001c00fc30        0x0 /home/gregmartin/ActiveProjects/pulp-freertos/kernel/event_groups.o
 .rela.text.xStreamBufferSetTriggerLevel
                0x000000001c00fc30        0x0 /home/gregmartin/ActiveProjects/pulp-freertos/kernel/event_groups.o
 .rela.text.xStreamBufferSpacesAvailable
                0x000000001c00fc30        0x0 /home/gregmartin/ActiveProjects/pulp-freertos/kernel/event_groups.o
 .rela.text.xStreamBufferBytesAvailable
                0x000000001c00fc30        0x0 /home/gregmartin/ActiveProjects/pulp-freertos/kernel/event_groups.o
 .rela.text.xStreamBufferSend
                0x000000001c00fc30        0x0 /home/gregmartin/ActiveProjects/pulp-freertos/kernel/event_groups.o
 .rela.text.xStreamBufferSendFromISR
                0x000000001c00fc30        0x0 /home/gregmartin/ActiveProjects/pulp-freertos/kernel/event_groups.o
 .rela.text.xStreamBufferReceive
                0x000000001c00fc30        0x0 /home/gregmartin/ActiveProjects/pulp-freertos/kernel/event_groups.o
 .rela.text.xStreamBufferNextMessageLengthBytes
                0x000000001c00fc30        0x0 /home/gregmartin/ActiveProjects/pulp-freertos/kernel/event_groups.o
 .rela.text.xStreamBufferReceiveFromISR
                0x000000001c00fc30        0x0 /home/gregmartin/ActiveProjects/pulp-freertos/kernel/event_groups.o
 .rela.text.xStreamBufferIsEmpty
                0x000000001c00fc30        0x0 /home/gregmartin/ActiveProjects/pulp-freertos/kernel/event_groups.o
 .rela.text.xStreamBufferIsFull
                0x000000001c00fc30        0x0 /home/gregmartin/ActiveProjects/pulp-freertos/kernel/event_groups.o
 .rela.text.xStreamBufferSendCompletedFromISR
                0x000000001c00fc30        0x0 /home/gregmartin/ActiveProjects/pulp-freertos/kernel/event_groups.o
 .rela.text.xStreamBufferReceiveCompletedFromISR
                0x000000001c00fc30        0x0 /home/gregmartin/ActiveProjects/pulp-freertos/kernel/event_groups.o
 .rela.text.prvTaskIsTaskSuspended
                0x000000001c00fc30        0x0 /home/gregmartin/ActiveProjects/pulp-freertos/kernel/event_groups.o
 .rela.text.prvInitialiseNewTask
                0x000000001c00fc30        0x0 /home/gregmartin/ActiveProjects/pulp-freertos/kernel/event_groups.o
 .rela.text.prvDeleteTCB
                0x000000001c00fc30        0x0 /home/gregmartin/ActiveProjects/pulp-freertos/kernel/event_groups.o
 .rela.text.xTaskResumeFromISR
                0x000000001c00fc30        0x0 /home/gregmartin/ActiveProjects/pulp-freertos/kernel/event_groups.o
 .rela.text.vTaskEndScheduler
                0x000000001c00fc30        0x0 /home/gregmartin/ActiveProjects/pulp-freertos/kernel/event_groups.o
 .rela.text.pcTaskGetName
                0x000000001c00fc30        0x0 /home/gregmartin/ActiveProjects/pulp-freertos/kernel/event_groups.o
 .rela.text.xTaskIncrementTick
                0x000000001c00fc30        0x0 /home/gregmartin/ActiveProjects/pulp-freertos/kernel/event_groups.o
 .rela.text.vTaskSwitchContext
                0x000000001c00fc30        0x0 /home/gregmartin/ActiveProjects/pulp-freertos/kernel/event_groups.o
 .rela.text.vTaskPlaceOnEventList
                0x000000001c00fc30        0x0 /home/gregmartin/ActiveProjects/pulp-freertos/kernel/event_groups.o
 .rela.text.vTaskPlaceOnUnorderedEventList
                0x000000001c00fc30        0x0 /home/gregmartin/ActiveProjects/pulp-freertos/kernel/event_groups.o
 .rela.text.vTaskPlaceOnEventListRestricted
                0x000000001c00fc30        0x0 /home/gregmartin/ActiveProjects/pulp-freertos/kernel/event_groups.o
 .rela.text.xTaskRemoveFromEventList
                0x000000001c00fc30        0x0 /home/gregmartin/ActiveProjects/pulp-freertos/kernel/event_groups.o
 .rela.text.vTaskRemoveFromUnorderedEventList
                0x000000001c00fc30        0x0 /home/gregmartin/ActiveProjects/pulp-freertos/kernel/event_groups.o
 .rela.text.xTaskPriorityDisinherit
                0x000000001c00fc30        0x0 /home/gregmartin/ActiveProjects/pulp-freertos/kernel/event_groups.o
 .rela.text.vTaskPriorityDisinheritAfterTimeout
                0x000000001c00fc30        0x0 /home/gregmartin/ActiveProjects/pulp-freertos/kernel/event_groups.o
 .rela.text.xTaskCreate
                0x000000001c00fc30        0x0 /home/gregmartin/ActiveProjects/pulp-freertos/kernel/event_groups.o
 .rela.text.vTaskStartScheduler
                0x000000001c00fc30        0x0 /home/gregmartin/ActiveProjects/pulp-freertos/kernel/event_groups.o
 .rela.text.vTaskDelete
                0x000000001c00fc30        0x0 /home/gregmartin/ActiveProjects/pulp-freertos/kernel/event_groups.o
 .rela.text.eTaskGetState
                0x000000001c00fc30        0x0 /home/gregmartin/ActiveProjects/pulp-freertos/kernel/event_groups.o
 .rela.text.vTaskPrioritySet
                0x000000001c00fc30        0x0 /home/gregmartin/ActiveProjects/pulp-freertos/kernel/event_groups.o
 .rela.text.vTaskSuspend
                0x000000001c00fc30        0x0 /home/gregmartin/ActiveProjects/pulp-freertos/kernel/event_groups.o
 .rela.text.vTaskResume
                0x000000001c00fc30        0x0 /home/gregmartin/ActiveProjects/pulp-freertos/kernel/event_groups.o
 .rela.text.xTaskResumeAll
                0x000000001c00fc30        0x0 /home/gregmartin/ActiveProjects/pulp-freertos/kernel/event_groups.o
 .rela.text.vTaskDelayUntil
                0x000000001c00fc30        0x0 /home/gregmartin/ActiveProjects/pulp-freertos/kernel/event_groups.o
 .rela.text.vTaskDelay
                0x000000001c00fc30        0x0 /home/gregmartin/ActiveProjects/pulp-freertos/kernel/event_groups.o
 .rela.text.xTaskGetHandle
                0x000000001c00fc30        0x0 /home/gregmartin/ActiveProjects/pulp-freertos/kernel/event_groups.o
 .rela.text.xTaskCatchUpTicks
                0x000000001c00fc30        0x0 /home/gregmartin/ActiveProjects/pulp-freertos/kernel/event_groups.o
 .rela.text.xTaskAbortDelay
                0x000000001c00fc30        0x0 /home/gregmartin/ActiveProjects/pulp-freertos/kernel/event_groups.o
 .rela.text.vTaskSetTimeOutState
                0x000000001c00fc30        0x0 /home/gregmartin/ActiveProjects/pulp-freertos/kernel/event_groups.o
 .rela.text.xTaskCheckForTimeOut
                0x000000001c00fc30        0x0 /home/gregmartin/ActiveProjects/pulp-freertos/kernel/event_groups.o
 .rela.text.xTaskGenericNotify
                0x000000001c00fc30        0x0 /home/gregmartin/ActiveProjects/pulp-freertos/kernel/event_groups.o
 .rela.text.xTaskGenericNotifyFromISR
                0x000000001c00fc30        0x0 /home/gregmartin/ActiveProjects/pulp-freertos/kernel/event_groups.o
 .rela.text.vTaskNotifyGiveFromISR
                0x000000001c00fc30        0x0 /home/gregmartin/ActiveProjects/pulp-freertos/kernel/event_groups.o
 .rela.text.prvInitialiseNewTimer
                0x000000001c00fc30        0x0 /home/gregmartin/ActiveProjects/pulp-freertos/kernel/event_groups.o
 .rela.text.xTimerCreateTimerTask
                0x000000001c00fc30        0x0 /home/gregmartin/ActiveProjects/pulp-freertos/kernel/event_groups.o
 .rela.text.xTimerCreate
                0x000000001c00fc30        0x0 /home/gregmartin/ActiveProjects/pulp-freertos/kernel/event_groups.o
 .rela.text.xTimerGenericCommand
                0x000000001c00fc30        0x0 /home/gregmartin/ActiveProjects/pulp-freertos/kernel/event_groups.o
 .rela.text.prvSwitchTimerLists
                0x000000001c00fc30        0x0 /home/gregmartin/ActiveProjects/pulp-freertos/kernel/event_groups.o
 .rela.text.prvProcessExpiredTimer
                0x000000001c00fc30        0x0 /home/gregmartin/ActiveProjects/pulp-freertos/kernel/event_groups.o
 .rela.text.prvProcessReceivedCommands
                0x000000001c00fc30        0x0 /home/gregmartin/ActiveProjects/pulp-freertos/kernel/event_groups.o
 .rela.text.xTimerGetTimerDaemonTaskHandle
                0x000000001c00fc30        0x0 /home/gregmartin/ActiveProjects/pulp-freertos/kernel/event_groups.o
 .rela.text.xTimerGetPeriod
                0x000000001c00fc30        0x0 /home/gregmartin/ActiveProjects/pulp-freertos/kernel/event_groups.o
 .rela.text.vTimerSetReloadMode
                0x000000001c00fc30        0x0 /home/gregmartin/ActiveProjects/pulp-freertos/kernel/event_groups.o
 .rela.text.uxTimerGetReloadMode
                0x000000001c00fc30        0x0 /home/gregmartin/ActiveProjects/pulp-freertos/kernel/event_groups.o
 .rela.text.xTimerGetExpiryTime
                0x000000001c00fc30        0x0 /home/gregmartin/ActiveProjects/pulp-freertos/kernel/event_groups.o
 .rela.text.pcTimerGetName
                0x000000001c00fc30        0x0 /home/gregmartin/ActiveProjects/pulp-freertos/kernel/event_groups.o
 .rela.text.xTimerIsTimerActive
                0x000000001c00fc30        0x0 /home/gregmartin/ActiveProjects/pulp-freertos/kernel/event_groups.o
 .rela.text.pvTimerGetTimerID
                0x000000001c00fc30        0x0 /home/gregmartin/ActiveProjects/pulp-freertos/kernel/event_groups.o
 .rela.text.vTimerSetTimerID
                0x000000001c00fc30        0x0 /home/gregmartin/ActiveProjects/pulp-freertos/kernel/event_groups.o
 .rela.text.xTimerPendFunctionCall
                0x000000001c00fc30        0x0 /home/gregmartin/ActiveProjects/pulp-freertos/kernel/event_groups.o
 .rela.text.xPortStartScheduler
                0x000000001c00fc30        0x0 /home/gregmartin/ActiveProjects/pulp-freertos/kernel/event_groups.o
 .rela.sdata.xISRStackTop
                0x000000001c00fc30        0x0 /home/gregmartin/ActiveProjects/pulp-freertos/kernel/event_groups.o
 .rela.text     0x000000001c00fc30        0x0 /home/gregmartin/ActiveProjects/pulp-freertos/kernel/event_groups.o
 .rela.text.pvPortMalloc
                0x000000001c00fc30        0x0 /home/gregmartin/ActiveProjects/pulp-freertos/kernel/event_groups.o
 .rela.text.vPortFree
                0x000000001c00fc30        0x0 /home/gregmartin/ActiveProjects/pulp-freertos/kernel/event_groups.o
 .rela.text.nanosleep
                0x000000001c00fc30        0x0 /home/gregmartin/ActiveProjects/pulp-freertos/kernel/event_groups.o
 .rela.text._access
                0x000000001c00fc30        0x0 /home/gregmartin/ActiveProjects/pulp-freertos/kernel/event_groups.o
 .rela.text._chdir
                0x000000001c00fc30        0x0 /home/gregmartin/ActiveProjects/pulp-freertos/kernel/event_groups.o
 .rela.text._chmod
                0x000000001c00fc30        0x0 /home/gregmartin/ActiveProjects/pulp-freertos/kernel/event_groups.o
 .rela.text._chown
                0x000000001c00fc30        0x0 /home/gregmartin/ActiveProjects/pulp-freertos/kernel/event_groups.o
 .rela.text._execve
                0x000000001c00fc30        0x0 /home/gregmartin/ActiveProjects/pulp-freertos/kernel/event_groups.o
 .rela.text._faccessat
                0x000000001c00fc30        0x0 /home/gregmartin/ActiveProjects/pulp-freertos/kernel/event_groups.o
 .rela.text._fork
                0x000000001c00fc30        0x0 /home/gregmartin/ActiveProjects/pulp-freertos/kernel/event_groups.o
 .rela.text._fstatat
                0x000000001c00fc30        0x0 /home/gregmartin/ActiveProjects/pulp-freertos/kernel/event_groups.o
 .rela.text._ftime
                0x000000001c00fc30        0x0 /home/gregmartin/ActiveProjects/pulp-freertos/kernel/event_groups.o
 .rela.text._getcwd
                0x000000001c00fc30        0x0 /home/gregmartin/ActiveProjects/pulp-freertos/kernel/event_groups.o
 .rela.text._gettimeofday
                0x000000001c00fc30        0x0 /home/gregmartin/ActiveProjects/pulp-freertos/kernel/event_groups.o
 .rela.text.kill
                0x000000001c00fc30        0x0 /home/gregmartin/ActiveProjects/pulp-freertos/kernel/event_groups.o
 .rela.text._link
                0x000000001c00fc30        0x0 /home/gregmartin/ActiveProjects/pulp-freertos/kernel/event_groups.o
 .rela.text._lstat
                0x000000001c00fc30        0x0 /home/gregmartin/ActiveProjects/pulp-freertos/kernel/event_groups.o
 .rela.text._openat
                0x000000001c00fc30        0x0 /home/gregmartin/ActiveProjects/pulp-freertos/kernel/event_groups.o
 .rela.text._unlink
                0x000000001c00fc30        0x0 /home/gregmartin/ActiveProjects/pulp-freertos/kernel/event_groups.o
 .rela.text._utime
                0x000000001c00fc30        0x0 /home/gregmartin/ActiveProjects/pulp-freertos/kernel/event_groups.o
 .rela.text._wait
                0x000000001c00fc30        0x0 /home/gregmartin/ActiveProjects/pulp-freertos/kernel/event_groups.o
 .rela.text.write
                0x000000001c00fc30        0x0 /home/gregmartin/ActiveProjects/pulp-freertos/kernel/event_groups.o
 .rela.text.sbrk
                0x000000001c00fc30        0x0 /home/gregmartin/ActiveProjects/pulp-freertos/kernel/event_groups.o
 .rela.sdata.brk
                0x000000001c00fc30        0x0 /home/gregmartin/ActiveProjects/pulp-freertos/kernel/event_groups.o
 .rela.text.start
                0x000000001c00fc30        0x0 /home/gregmartin/ActiveProjects/pulp-freertos/kernel/event_groups.o
 .rela.text.vecs
                0x000000001c00fc30        0x0 /home/gregmartin/ActiveProjects/pulp-freertos/kernel/event_groups.o
 .rela.text.__rt_fll_get_mult_div_from_freq
                0x000000001c00fc30        0x0 /home/gregmartin/ActiveProjects/pulp-freertos/kernel/event_groups.o
 .rela.text.__rt_fll_set_freq
                0x000000001c00fc30        0x0 /home/gregmartin/ActiveProjects/pulp-freertos/kernel/event_groups.o
 .rela.text.__fll_init
                0x000000001c00fc30        0x0 /home/gregmartin/ActiveProjects/pulp-freertos/kernel/event_groups.o
 .rela.text.pulp_fll_init
                0x000000001c00fc30        0x0 /home/gregmartin/ActiveProjects/pulp-freertos/kernel/event_groups.o
 .rela.text.gpio_pin_conf_pad
                0x000000001c00fc30        0x0 /home/gregmartin/ActiveProjects/pulp-freertos/kernel/event_groups.o
 .rela.text.gpio_pin_configure
                0x000000001c00fc30        0x0 /home/gregmartin/ActiveProjects/pulp-freertos/kernel/event_groups.o